90.12.145.161 - - [08/Feb/2016:23:02:17 -0800] "GET /wordpress/wp-content/uploads/2015/02/logo-text1.png HTTP/1.1" 200 5143 "http://techmeup.co/adrien-duermael-pixowl-et-lindustrie/" "Mozilla/5.0 (Windows NT 10.0; WOW64; rv:44.0) Gecko/20100101 Firefox/44.0"
90.12.145.161 - - [08/Feb/2016:23:02:17 -0800] "GET /wp-content/themes/great/images/arrow.png HTTP/1.1" 200 437 "http://techmeup.co/wp-content/themes/great/style.css" "Mozilla/5.0 (Windows NT 10.0; WOW64; rv:44.0) Gecko/20100101 Firefox/44.0"
162.243.175.80 - - [08/Feb/2016:23:03:35 -0800] "GET /feed/ HTTP/1.1" 304 182 "-" "NewsBlur Feed Fetcher - 4 subscribers - http://www.newsblur.com/site/5487666/techmeup-techmeup (Mozilla/5.0 (Macintosh; Intel Mac OS X 10_7_1) AppleWebKit/534.48.3 (KHTML, like Gecko) Version/5.1 Safari/534.48.3)"
207.46.13.29 - - [08/Feb/2016:23:06:18 -0800] "GET /textme-cest-de-la-bombe/ HTTP/1.1" 200 8621 "-" "Mozilla/5.0 (compatible; bingbot/2.0; +http://www.bing.com/bingbot.htm)"
207.46.13.29 - - [08/Feb/2016:23:06:22 -0800] "GET /adrien-duermael-pixowl-et-lindustrie/ HTTP/1.1" 200 9295 "-" "Mozilla/5.0 (compatible; bingbot/2.0; +http://www.bing.com/bingbot.htm)"
207.46.13.29 - - [08/Feb/2016:23:06:24 -0800] "GET /marketing-pour-developpeurs-partie-2/?sthash.oxRUpt6F.mjjo HTTP/1.1" 200 9426 "-" "Mozilla/5.0 (compatible; bingbot/2.0; +http://www.bing.com/bingbot.htm)"
157.55.39.231 - - [08/Feb/2016:23:06:32 -0800] "GET / HTTP/1.1" 200 7274 "-" "Mozilla/5.0 (compatible; bingbot/2.0; +http://www.bing.com/bingbot.htm)"
157.55.39.231 - - [08/Feb/2016:23:06:34 -0800] "GET /alexei-chemenda-toujours-etudiant-et-deja/ HTTP/1.1" 200 9566 "-" "Mozilla/5.0 (compatible; bingbot/2.0; +http://www.bing.com/bingbot.htm)"
157.55.39.231 - - [08/Feb/2016:23:06:37 -0800] "GET /le-talent-cache-dalexei-chemenda-co-fondateur-de/ HTTP/1.1" 200 8829 "-" "Mozilla/5.0 (compatible; bingbot/2.0; +http://www.bing.com/bingbot.htm)"
157.55.39.161 - - [08/Feb/2016:23:06:39 -0800] "GET /ce-que-je-referais-autrement-invitee-mathilde-le-rouzic/ HTTP/1.1" 200 9090 "-" "Mozilla/5.0 (compatible; bingbot/2.0; +http://www.bing.com/bingbot.htm)"
40.77.167.6 - - [08/Feb/2016:23:06:44 -0800] "GET /xavier-mouton-dubosc-le-developpeur-aux-mille/ HTTP/1.1" 200 9989 "-" "Mozilla/5.0 (compatible; bingbot/2.0; +http://www.bing.com/bingbot.htm)"
92.222.20.166 - - [08/Feb/2016:23:06:46 -0800] "GET /rss HTTP/1.1" 304 163 "-" "Tiny Tiny RSS/16.1 (c352248) (http://tt-rss.org/)"
62.210.250.66 - - [08/Feb/2016:23:09:40 -0800] "POST /xmlrpc.php HTTP/1.1" 200 433 "http://hnwatcher.com/" "Mozilla/5.0 (Windows NT 10.0; WOW64) AppleWebKit/537.36 (KHTML, like Gecko) Chrome/46.0.2490.86 Safari/537.36"
188.116.16.45 - - [08/Feb/2016:23:17:20 -0800] "POST /xmlrpc.php HTTP/1.1" 200 793 "-" "Mozilla/5.0 (X11; Ubuntu; Linux x86_64; rv:23.0) Gecko/20100101 Firefox/23.0"
62.210.250.66 - - [08/Feb/2016:23:20:32 -0800] "POST /xmlrpc.php HTTP/1.1" 200 433 "http://hnwatcher.com/" "Mozilla/5.0 (Windows NT 10.0; WOW64) AppleWebKit/537.36 (KHTML, like Gecko) Chrome/46.0.2490.86 Safari/537.36"
66.130.10.247 - - [08/Feb/2016:23:21:13 -0800] "GET /wp-content/themes/great/js/customscript.js HTTP/1.1" 200 3601 "http://techmeup.co/adrien-duermael-pixowl-et-lindustrie/" "Mozilla/5.0 (Macintosh; Intel Mac OS X 10.9; rv:43.0) Gecko/20100101 Firefox/43.0"
66.130.10.247 - - [08/Feb/2016:23:21:13 -0800] "GET /wp-content/plugins/wp-shortcode/css/wp-shortcode.css?ver=4.1.1 HTTP/1.1" 200 2049 "http://techmeup.co/adrien-duermael-pixowl-et-lindustrie/" "Mozilla/5.0 (Macintosh; Intel Mac OS X 10.9; rv:43.0) Gecko/20100101 Firefox/43.0"
66.130.10.247 - - [08/Feb/2016:23:21:13 -0800] "GET /wp-includes/js/comment-reply.min.js?ver=4.1.1 HTTP/1.1" 200 757 "http://techmeup.co/adrien-duermael-pixowl-et-lindustrie/" "Mozilla/5.0 (Macintosh; Intel Mac OS X 10.9; rv:43.0) Gecko/20100101 Firefox/43.0"
66.130.10.247 - - [08/Feb/2016:23:21:13 -0800] "GET /wp-content/plugins/disqus-comment-system/media/js/count.js?ver=4.1.1 HTTP/1.1" 200 776 "http://techmeup.co/adrien-duermael-pixowl-et-lindustrie/" "Mozilla/5.0 (Macintosh; Intel Mac OS X 10.9; rv:43.0) Gecko/20100101 Firefox/43.0"
66.130.10.247 - - [08/Feb/2016:23:21:14 -0800] "GET /wp-content/themes/great/images/linkedin.png HTTP/1.1" 200 4390 "http://techmeup.co/wp-content/themes/great/style.css" "Mozilla/5.0 (Macintosh; Intel Mac OS X 10.9; rv:43.0) Gecko/20100101 Firefox/43.0"
66.130.10.247 - - [08/Feb/2016:23:21:14 -0800] "GET /wp-content/themes/great/images/arrow.png HTTP/1.1" 200 437 "http://techmeup.co/wp-content/themes/great/style.css" "Mozilla/5.0 (Macintosh; Intel Mac OS X 10.9; rv:43.0) Gecko/20100101 Firefox/43.0"
180.76.15.13 - - [08/Feb/2016:23:22:35 -0800] "GET / HTTP/1.1" 200 7237 "-" "Mozilla/5.0 (compatible; Baiduspider/2.0; +http://www.baidu.com/search/spider.html)"
198.58.102.158 - - [08/Feb/2016:23:28:36 -0800] "GET /rss HTTP/1.1" 304 219 "-" "Superfeedr bot/2.0 http://superfeedr.com - Make your feeds realtime: get in touch - feed-id:138292308"
178.137.17.196 - - [08/Feb/2016:23:31:18 -0800] "GET /steeve-morin-de-google-a-lentreprenariat/ HTTP/1.1" 200 29381 "http://brothers-smaller.ru/" "Mozilla/4.76 [en] (Windows NT 5.0; U)"
192.134.4.82 - - [08/Feb/2016:23:34:20 -0800] "GET / HTTP/1.1" 200 33373 "-" "DNSdelve HTTP tester/0.1 (running with Python 2.7.5; http://www.dnsdelve.net; bortzmeyer@nic.fr)"
207.241.229.215 - - [08/Feb/2016:23:38:26 -0800] "GET /wp-content/uploads/2015/03/Photo-Bio-2013-300x225.jpg HTTP/1.0" 200 18754 "http://marryme-bridal.ru/" "Mozilla/5.0 (compatible; archive.org_bot +http://www.archive.org/details/archive.org_bot)"
198.58.96.215 - - [08/Feb/2016:23:44:35 -0800] "GET /rss HTTP/1.1" 304 219 "-" "Superfeedr bot/2.0 http://superfeedr.com - Make your feeds realtime: get in touch - feed-id:138292308"
209.133.111.211 - - [08/Feb/2016:23:46:44 -0800] "GET /feed/ HTTP/1.1" 200 20931 "-" "rogerbot/1.0 (http://www.moz.com/dp/rogerbot, rogerbot-crawler@moz.com)"
192.99.107.192 - - [08/Feb/2016:23:55:33 -0800] "GET /robots.txt HTTP/1.1" 200 367 "-" "Mozilla/5.0 (compatible; meanpathbot/1.0; +http://www.meanpath.com/meanpathbot.html)"
2.1.201.36 - - [09/Feb/2016:00:06:23 -0800] "GET /rss HTTP/1.1" 304 163 "http://techmeup.co/rss" "FreshRSS/1.0.0 (Linux; http://freshrss.org) SimplePie/1.4-dev-FreshRSS"
199.16.156.126 - - [09/Feb/2016:00:08:15 -0800] "GET /robots.txt HTTP/1.1" 200 367 "-" "Twitterbot/1.0"
198.58.102.49 - - [09/Feb/2016:00:09:06 -0800] "GET /rss HTTP/1.1" 304 219 "-" "Superfeedr bot/2.0 http://superfeedr.com - Make your feeds realtime: get in touch - feed-id:138292308"
86.246.217.7 - - [09/Feb/2016:00:16:32 -0800] "GET /feed/ HTTP/1.1" 304 219 "-" "Mozilla/5.0 Vienna/3.0.9"
50.116.30.23 - - [09/Feb/2016:00:25:12 -0800] "GET /rss HTTP/1.1" 304 219 "-" "Superfeedr bot/2.0 http://superfeedr.com - Make your feeds realtime: get in touch - feed-id:138292308"
213.244.3.234 - - [09/Feb/2016:00:28:20 -0800] "GET /wp-content/themes/great/js/customscript.js HTTP/1.1" 200 3601 "http://techmeup.co/ce-que-je-referais-autrement-invitee-mathilde-le-rouzic/" "Mozilla/5.0 (Windows NT 6.1; WOW64; rv:43.0) Gecko/20100101 Firefox/43.0"
213.244.3.234 - - [09/Feb/2016:00:28:20 -0800] "GET /wp-content/plugins/easy-twitter-feed-widget/easy-twitter-feed-widget.css?ver=4.1.1 HTTP/1.1" 200 504 "http://techmeup.co/ce-que-je-referais-autrement-invitee-mathilde-le-rouzic/" "Mozilla/5.0 (Windows NT 6.1; WOW64; rv:43.0) Gecko/20100101 Firefox/43.0"
213.244.3.234 - - [09/Feb/2016:00:28:20 -0800] "GET /wp-includes/js/comment-reply.min.js?ver=4.1.1 HTTP/1.1" 200 758 "http://techmeup.co/ce-que-je-referais-autrement-invitee-mathilde-le-rouzic/" "Mozilla/5.0 (Windows NT 6.1; WOW64; rv:43.0) Gecko/20100101 Firefox/43.0"
213.244.3.234 - - [09/Feb/2016:00:28:20 -0800] "GET /wp-content/plugins/disqus-comment-system/media/js/count.js?ver=4.1.1 HTTP/1.1" 200 776 "http://techmeup.co/ce-que-je-referais-autrement-invitee-mathilde-le-rouzic/" "Mozilla/5.0 (Windows NT 6.1; WOW64; rv:43.0) Gecko/20100101 Firefox/43.0"
213.244.3.234 - - [09/Feb/2016:00:28:20 -0800] "GET /wp-content/uploads/2015/03/Mathilde-le-Rouzic-Quaelead-200x300.jpg HTTP/1.1" 200 16095 "http://techmeup.co/ce-que-je-referais-autrement-invitee-mathilde-le-rouzic/" "Mozilla/5.0 (Windows NT 6.1; WOW64; rv:43.0) Gecko/20100101 Firefox/43.0"
213.244.3.234 - - [09/Feb/2016:00:28:20 -0800] "GET /wp-content/themes/great/images/twitter.png HTTP/1.1" 200 4482 "http://techmeup.co/wp-content/themes/great/style.css" "Mozilla/5.0 (Windows NT 6.1; WOW64; rv:43.0) Gecko/20100101 Firefox/43.0"
213.244.3.234 - - [09/Feb/2016:00:28:21 -0800] "POST /wp-admin/admin-ajax.php HTTP/1.1" 200 503 "http://techmeup.co/ce-que-je-referais-autrement-invitee-mathilde-le-rouzic/" "Mozilla/5.0 (Windows NT 6.1; WOW64; rv:43.0) Gecko/20100101 Firefox/43.0"
213.244.3.234 - - [09/Feb/2016:00:28:27 -0800] "GET /wp-content/uploads/2014/04/tumblr_inline_n46um7CkZE1sa6hof-50x50.jpg HTTP/1.1" 200 2424 "http://techmeup.co/ce-que-je-referais-autrement-invitee-mathilde-le-rouzic/" "Mozilla/5.0 (Windows NT 6.1; WOW64; rv:43.0) Gecko/20100101 Firefox/43.0"
213.244.3.234 - - [09/Feb/2016:00:28:27 -0800] "GET /wp-content/plugins/wp-shortcode/css/wp-shortcode.css?ver=4.1.1 HTTP/1.1" 304 211 "http://techmeup.co/ce-que-je-referais-autrement-invitee-mathilde-le-rouzic/" "Mozilla/5.0 (Windows NT 6.1; WOW64; rv:43.0) Gecko/20100101 Firefox/43.0"
213.244.3.234 - - [09/Feb/2016:00:28:27 -0800] "GET /wp-includes/js/comment-reply.min.js?ver=4.1.1 HTTP/1.1" 304 210 "http://techmeup.co/ce-que-je-referais-autrement-invitee-mathilde-le-rouzic/" "Mozilla/5.0 (Windows NT 6.1; WOW64; rv:43.0) Gecko/20100101 Firefox/43.0"
213.244.3.234 - - [09/Feb/2016:00:28:27 -0800] "GET /wp-content/plugins/wp-shortcode/js/wp-shortcode.js?ver=4.1.1 HTTP/1.1" 304 210 "http://techmeup.co/ce-que-je-referais-autrement-invitee-mathilde-le-rouzic/" "Mozilla/5.0 (Windows NT 6.1; WOW64; rv:43.0) Gecko/20100101 Firefox/43.0"
62.210.250.66 - - [09/Feb/2016:00:28:20 -0800] "POST /xmlrpc.php HTTP/1.1" 200 433 "http://hnwatcher.com/" "Mozilla/5.0 (Windows NT 10.0; WOW64) AppleWebKit/537.36 (KHTML, like Gecko) Chrome/46.0.2490.86 Safari/537.36"
85.168.56.140 - - [09/Feb/2016:00:29:38 -0800] "GET /wp-content/uploads/2015/03/4N8A4857-1024x683.jpg HTTP/1.1" 200 115506 "http://hnwatcher.com/silicon-valley/" "Mozilla/5.0 (Linux; Android 4.4.2; SM-P600 Build/KOT49H) AppleWebKit/537.36 (KHTML, like Gecko) Chrome/48.0.2564.95 Safari/537.36"
66.249.64.138 - - [09/Feb/2016:00:30:00 -0800] "GET /robots.txt HTTP/1.1" 200 423 "-" "Mozilla/5.0 (compatible; Googlebot/2.1; +http://www.google.com/bot.html)"
80.13.10.184 - - [09/Feb/2016:00:30:05 -0800] "GET /trouver-un-job-tech-a-san-francisco-ou-dans-la/ HTTP/1.1" 200 15523 "-" "Mozilla/5.0 (Macintosh; Intel Mac OS X 10_11_3) AppleWebKit/601.4.4 (KHTML, like Gecko)"
80.13.10.184 - - [09/Feb/2016:00:30:14 -0800] "GET /apple-touch-icon-precomposed.png HTTP/1.1" 404 4872 "-" "Safari/11601.4.4 CFNetwork/760.2.6 Darwin/15.3.0 (x86_64)"
213.244.3.234 - - [09/Feb/2016:00:30:34 -0800] "POST /wp-admin/admin-ajax.php HTTP/1.1" 200 504 "http://techmeup.co/ce-que-je-referais-autrement-invitee-mathilde-le-rouzic/" "Mozilla/5.0 (Windows NT 6.1; WOW64; rv:43.0) Gecko/20100101 Firefox/43.0"
128.79.4.210 - - [09/Feb/2016:00:30:55 -0800] "GET /wp-content/themes/great/js/customscript.js HTTP/1.1" 200 3601 "http://techmeup.co/adrien-duermael-pixowl-et-lindustrie/" "Mozilla/5.0 (Macintosh; Intel Mac OS X 10_7_5) AppleWebKit/537.36 (KHTML, like Gecko) Chrome/47.0.2526.80 Safari/537.36"
128.79.4.210 - - [09/Feb/2016:00:30:55 -0800] "GET /wp-content/plugins/wp-shortcode/css/wp-shortcode.css?ver=4.1.1 HTTP/1.1" 200 2049 "http://techmeup.co/adrien-duermael-pixowl-et-lindustrie/" "Mozilla/5.0 (Macintosh; Intel Mac OS X 10_7_5) AppleWebKit/537.36 (KHTML, like Gecko) Chrome/47.0.2526.80 Safari/537.36"
128.79.4.210 - - [09/Feb/2016:00:30:55 -0800] "GET /wp-content/plugins/wp-shortcode/js/wp-shortcode.js?ver=4.1.1 HTTP/1.1" 200 832 "http://techmeup.co/adrien-duermael-pixowl-et-lindustrie/" "Mozilla/5.0 (Macintosh; Intel Mac OS X 10_7_5) AppleWebKit/537.36 (KHTML, like Gecko) Chrome/47.0.2526.80 Safari/537.36"
128.79.4.210 - - [09/Feb/2016:00:30:55 -0800] "GET /wp-content/plugins/disqus-comment-system/media/js/count.js?ver=4.1.1 HTTP/1.1" 200 776 "http://techmeup.co/adrien-duermael-pixowl-et-lindustrie/" "Mozilla/5.0 (Macintosh; Intel Mac OS X 10_7_5) AppleWebKit/537.36 (KHTML, like Gecko) Chrome/47.0.2526.80 Safari/537.36"
128.79.4.210 - - [09/Feb/2016:00:30:55 -0800] "GET /wp-content/themes/great/images/twitter.png HTTP/1.1" 200 4482 "http://techmeup.co/wp-content/themes/great/style.css" "Mozilla/5.0 (Macintosh; Intel Mac OS X 10_7_5) AppleWebKit/537.36 (KHTML, like Gecko) Chrome/47.0.2526.80 Safari/537.36"
128.79.4.210 - - [09/Feb/2016:00:30:55 -0800] "POST /wp-admin/admin-ajax.php HTTP/1.1" 200 592 "http://techmeup.co/adrien-duermael-pixowl-et-lindustrie/" "Mozilla/5.0 (Macintosh; Intel Mac OS X 10_7_5) AppleWebKit/537.36 (KHTML, like Gecko) Chrome/47.0.2526.80 Safari/537.36"
62.210.250.66 - - [09/Feb/2016:00:34:27 -0800] "POST /xmlrpc.php HTTP/1.1" 200 433 "http://hnwatcher.com/" "Mozilla/5.0 (Windows NT 10.0; WOW64) AppleWebKit/537.36 (KHTML, like Gecko) Chrome/46.0.2490.86 Safari/537.36"
62.210.250.66 - - [09/Feb/2016:00:40:36 -0800] "POST /xmlrpc.php HTTP/1.1" 200 433 "http://hnwatcher.com/" "Mozilla/5.0 (Windows NT 10.0; WOW64) AppleWebKit/537.36 (KHTML, like Gecko) Chrome/46.0.2490.86 Safari/537.36"
217.109.181.167 - - [09/Feb/2016:00:41:56 -0800] "GET /wp-content/uploads/2015/03/1-9mRgHn-sBX_FQuA08m4kdA-1024x755.jpeg HTTP/1.1" 200 97501 "http://hnwatcher.com/silicon-valley/" "Mozilla/5.0 (Windows NT 6.1; WOW64; Trident/7.0; rv:11.0) like Gecko"
217.109.181.167 - - [09/Feb/2016:00:41:59 -0800] "GET /wp-content/uploads/2015/03/Screenshot-2015-03-13-20.20.39-1024x165.png HTTP/1.1" 200 203836 "http://hnwatcher.com/silicon-valley/" "Mozilla/5.0 (Windows NT 6.1; WOW64; Trident/7.0; rv:11.0) like Gecko"
84.99.98.93 - - [09/Feb/2016:00:44:20 -0800] "GET /wp-content/themes/great/js/modernizr.min.js HTTP/1.1" 200 6229 "http://techmeup.co/adrien-duermael-pixowl-et-lindustrie/" "Mozilla/5.0 (Linux; Android 4.4.2; fr-fr; SAMSUNG SM-G800F Build/KOT49H) AppleWebKit/537.36 (KHTML, like Gecko) Version/1.6 Chrome/28.0.1500.94 Mobile Safari/537.36"
84.99.98.93 - - [09/Feb/2016:00:44:20 -0800] "GET /wp-content/plugins/wp-shortcode/css/wp-shortcode.css?ver=4.1.1 HTTP/1.1" 200 2050 "http://techmeup.co/adrien-duermael-pixowl-et-lindustrie/" "Mozilla/5.0 (Linux; Android 4.4.2; fr-fr; SAMSUNG SM-G800F Build/KOT49H) AppleWebKit/537.36 (KHTML, like Gecko) Version/1.6 Chrome/28.0.1500.94 Mobile Safari/537.36"
84.99.98.93 - - [09/Feb/2016:00:44:21 -0800] "GET /wp-content/plugins/wp-shortcode/js/wp-shortcode.js?ver=4.1.1 HTTP/1.1" 200 832 "http://techmeup.co/adrien-duermael-pixowl-et-lindustrie/" "Mozilla/5.0 (Linux; Android 4.4.2; fr-fr; SAMSUNG SM-G800F Build/KOT49H) AppleWebKit/537.36 (KHTML, like Gecko) Version/1.6 Chrome/28.0.1500.94 Mobile Safari/537.36"
84.99.98.93 - - [09/Feb/2016:00:44:21 -0800] "GET /wp-content/uploads/2014/11/tumblr_inline_neyg93Sin01sa6hof-50x50.jpg HTTP/1.1" 200 2005 "http://techmeup.co/adrien-duermael-pixowl-et-lindustrie/" "Mozilla/5.0 (Linux; Android 4.4.2; fr-fr; SAMSUNG SM-G800F Build/KOT49H) AppleWebKit/537.36 (KHTML, like Gecko) Version/1.6 Chrome/28.0.1500.94 Mobile Safari/537.36"
84.99.98.93 - - [09/Feb/2016:00:44:22 -0800] "GET /wp-content/plugins/easy-twitter-feed-widget/lib/js/widget-easy-twitter-feed-widget.js?ver=1.0 HTTP/1.1" 200 664 "http://techmeup.co/adrien-duermael-pixowl-et-lindustrie/" "Mozilla/5.0 (Linux; Android 4.4.2; fr-fr; SAMSUNG SM-G800F Build/KOT49H) AppleWebKit/537.36 (KHTML, like Gecko) Version/1.6 Chrome/28.0.1500.94 Mobile Safari/537.36"
84.99.98.93 - - [09/Feb/2016:00:44:22 -0800] "GET /wordpress/wp-content/uploads/2015/02/logo-text1.png HTTP/1.1" 200 5144 "http://techmeup.co/adrien-duermael-pixowl-et-lindustrie/" "Mozilla/5.0 (Linux; Android 4.4.2; fr-fr; SAMSUNG SM-G800F Build/KOT49H) AppleWebKit/537.36 (KHTML, like Gecko) Version/1.6 Chrome/28.0.1500.94 Mobile Safari/537.36"
84.99.98.93 - - [09/Feb/2016:00:44:38 -0800] "GET /adrien-duermael-pixowl-et-lindustrie/apple-touch-icon.png HTTP/1.1" 404 4872 "-" "Mozilla/5.0 (Linux; Android 4.4.2; fr-fr; SAMSUNG SM-G800F Build/KOT49H) AppleWebKit/537.36 (KHTML, like Gecko) Version/1.6 Chrome/28.0.1500.94 Mobile Safari/537.36"
84.99.98.93 - - [09/Feb/2016:00:44:39 -0800] "GET /adrien-duermael-pixowl-et-lindustrie/apple-touch-icon.png HTTP/1.1" 404 4871 "-" "Mozilla/5.0 (Linux; Android 4.4.2; fr-fr; SAMSUNG SM-G800F Build/KOT49H) AppleWebKit/537.36 (KHTML, like Gecko) Version/1.6 Chrome/28.0.1500.94 Mobile Safari/537.36"
62.210.250.66 - - [09/Feb/2016:00:46:47 -0800] "POST /xmlrpc.php HTTP/1.1" 200 433 "http://hnwatcher.com/" "Mozilla/5.0 (Windows NT 10.0; WOW64) AppleWebKit/537.36 (KHTML, like Gecko) Chrome/46.0.2490.86 Safari/537.36"
62.210.250.66 - - [09/Feb/2016:00:53:01 -0800] "POST /xmlrpc.php HTTP/1.1" 200 433 "http://hnwatcher.com/" "Mozilla/5.0 (Windows NT 10.0; WOW64) AppleWebKit/537.36 (KHTML, like Gecko) Chrome/46.0.2490.86 Safari/537.36"
62.210.250.66 - - [09/Feb/2016:01:02:14 -0800] "POST /xmlrpc.php HTTP/1.1" 200 433 "http://hnwatcher.com/" "Mozilla/5.0 (Windows NT 10.0; WOW64) AppleWebKit/537.36 (KHTML, like Gecko) Chrome/46.0.2490.86 Safari/537.36"
2.1.201.36 - - [09/Feb/2016:01:06:23 -0800] "GET /rss HTTP/1.1" 304 163 "http://techmeup.co/rss" "FreshRSS/1.0.0 (Linux; http://freshrss.org) SimplePie/1.4-dev-FreshRSS"
92.222.20.166 - - [09/Feb/2016:01:12:52 -0800] "GET /rss HTTP/1.1" 304 163 "-" "Tiny Tiny RSS/16.1 (c352248) (http://tt-rss.org/)"
66.249.64.250 - - [09/Feb/2016:01:14:39 -0800] "GET /textme-cest-de-la-bombe/ HTTP/1.1" 200 8565 "-" "Mozilla/5.0 (compatible; Googlebot/2.1; +http://www.google.com/bot.html)"
72.167.131.132 - - [09/Feb/2016:01:17:15 -0800] "POST /xmlrpc.php HTTP/1.1" 200 793 "-" "Mozilla/5.0 (X11; Ubuntu; Linux x86_64; rv:23.0) Gecko/20100101 Firefox/23.0"
89.89.157.49 - - [09/Feb/2016:01:19:41 -0800] "GET /wp-content/uploads/2015/02/10527525_10153205547817652_3810498128776234928_n-300x300.jpg HTTP/1.1" 200 34314 "http://hnwatcher.com/silicon-valley/" "Mozilla/5.0 (X11; Ubuntu; Linux x86_64; rv:37.0) Gecko/20100101 Firefox/37.0"
89.89.157.49 - - [09/Feb/2016:01:19:44 -0800] "GET /wp-content/uploads/2015/03/1-9mRgHn-sBX_FQuA08m4kdA-1024x755.jpeg HTTP/1.1" 200 97501 "http://hnwatcher.com/silicon-valley/" "Mozilla/5.0 (X11; Ubuntu; Linux x86_64; rv:37.0) Gecko/20100101 Firefox/37.0"
62.210.250.66 - - [09/Feb/2016:01:23:09 -0800] "POST /xmlrpc.php HTTP/1.1" 200 433 "http://hnwatcher.com/" "Mozilla/5.0 (Windows NT 10.0; WOW64) AppleWebKit/537.36 (KHTML, like Gecko) Chrome/46.0.2490.86 Safari/537.36"
193.164.197.233 - - [09/Feb/2016:01:25:37 -0800] "GET /apple-touch-icon.png HTTP/1.1" 404 4872 "-" "Safari/11601.4.4 CFNetwork/760.2.6 Darwin/15.3.0 (x86_64)"
193.164.197.233 - - [09/Feb/2016:01:25:48 -0800] "GET / HTTP/1.1" 200 7274 "-" "Mozilla/5.0 (iPhone; CPU iPhone OS 9_1 like Mac OS X) AppleWebKit/601.1.46 (KHTML, like Gecko) Version/9.0 Mobile/13B143 Safari/601.1"
62.210.250.66 - - [09/Feb/2016:01:27:09 -0800] "POST /xmlrpc.php HTTP/1.1" 200 433 "http://hnwatcher.com/" "Mozilla/5.0 (Windows NT 10.0; WOW64) AppleWebKit/537.36 (KHTML, like Gecko) Chrome/46.0.2490.86 Safari/537.36"
193.22.107.6 - - [09/Feb/2016:01:27:20 -0800] "GET /wp-content/uploads/2015/03/1-l57K-8uyN9ELuGbgcaItmw-1024x524.png HTTP/1.1" 200 190496 "http://hnwatcher.com/silicon-valley/" "Mozilla/5.0 (Windows NT 6.1; WOW64) AppleWebKit/537.36 (KHTML, like Gecko) Chrome/48.0.2564.97 Safari/537.36"
62.210.250.66 - - [09/Feb/2016:01:28:29 -0800] "POST /xmlrpc.php HTTP/1.1" 200 433 "http://hnwatcher.com/" "Mozilla/5.0 (Windows NT 10.0; WOW64) AppleWebKit/537.36 (KHTML, like Gecko) Chrome/46.0.2490.86 Safari/537.36"
66.249.64.138 - - [09/Feb/2016:01:30:13 -0800] "GET /feed/ HTTP/1.1" 200 20987 "-" "Mozilla/5.0 (compatible; Googlebot/2.1; +http://www.google.com/bot.html)"
109.2.229.51 - - [09/Feb/2016:01:30:52 -0800] "GET /wp-content/themes/great/js/customscript.js HTTP/1.1" 200 3601 "http://techmeup.co/" "Mozilla/5.0 (Macintosh; Intel Mac OS X 10_11) AppleWebKit/601.1.56 (KHTML, like Gecko) Version/9.0 Safari/601.1.56"
109.2.229.51 - - [09/Feb/2016:01:30:53 -0800] "GET /wp-content/plugins/wp-shortcode/css/wp-shortcode.css?ver=4.1.1 HTTP/1.1" 200 2049 "http://techmeup.co/" "Mozilla/5.0 (Macintosh; Intel Mac OS X 10_11) AppleWebKit/601.1.56 (KHTML, like Gecko) Version/9.0 Safari/601.1.56"
109.2.229.51 - - [09/Feb/2016:01:30:53 -0800] "GET /wp-content/plugins/easy-twitter-feed-widget/lib/js/widget-easy-twitter-feed-widget.js?ver=1.0 HTTP/1.1" 200 663 "http://techmeup.co/" "Mozilla/5.0 (Macintosh; Intel Mac OS X 10_11) AppleWebKit/601.1.56 (KHTML, like Gecko) Version/9.0 Safari/601.1.56"
109.3.144.122 - - [09/Feb/2016:01:30:53 -0800] "GET /wp-content/uploads/2015/03/Mathilde-le-Rouzic-Quaelead-300x225.jpg HTTP/1.1" 200 16230 "http://techmeup.co/" "Mozilla/5.0 (Macintosh; Intel Mac OS X 10_11) AppleWebKit/601.1.56 (KHTML, like Gecko) Version/9.0 Safari/601.1.56"
109.2.229.51 - - [09/Feb/2016:01:30:53 -0800] "GET /wp-content/uploads/2015/02/3152875867_148b09f57d_z-300x225.jpg HTTP/1.1" 200 9568 "http://techmeup.co/" "Mozilla/5.0 (Macintosh; Intel Mac OS X 10_11) AppleWebKit/601.1.56 (KHTML, like Gecko) Version/9.0 Safari/601.1.56"
109.2.229.51 - - [09/Feb/2016:01:30:53 -0800] "GET /wp-content/themes/great/images/facebook.png HTTP/1.1" 200 4285 "http://techmeup.co/" "Mozilla/5.0 (Macintosh; Intel Mac OS X 10_11) AppleWebKit/601.1.56 (KHTML, like Gecko) Version/9.0 Safari/601.1.56"
109.2.229.51 - - [09/Feb/2016:01:30:54 -0800] "GET /wp-content/themes/great/images/search.png HTTP/1.1" 200 1683 "http://techmeup.co/" "Mozilla/5.0 (Macintosh; Intel Mac OS X 10_11) AppleWebKit/601.1.56 (KHTML, like Gecko) Version/9.0 Safari/601.1.56"
66.249.64.141 - - [09/Feb/2016:01:33:07 -0800] "GET / HTTP/1.1" 200 7274 "-" "Mozilla/5.0 (compatible; Googlebot/2.1; +http://www.google.com/bot.html)"
37.187.162.183 - - [09/Feb/2016:01:34:36 -0800] "GET /les-geeks-vengeurs-masques-du-21e-siecle/ HTTP/1.1" 200 9022 "-" "Mozilla/5.0 (compatible; PaperLiBot/2.1; http://support.paper.li/entries/20023257-what-is-paper-li)"
2.1.201.36 - - [09/Feb/2016:01:36:16 -0800] "GET /rss HTTP/1.1" 304 163 "http://techmeup.co/rss" "FreshRSS/1.0.0 (Linux; http://freshrss.org) SimplePie/1.4-dev-FreshRSS"
207.241.237.221 - - [09/Feb/2016:01:41:02 -0800] "GET /wp-content/plugins/wp-shortcode/js/jquery.tipsy.js?ver=4.1.1 HTTP/1.0" 200 10080 "http://marryme-bridal.ru/" "Mozilla/5.0 (compatible; archive.org_bot +http://www.archive.org/details/archive.org_bot)"
198.58.102.158 - - [09/Feb/2016:01:45:12 -0800] "GET /rss HTTP/1.1" 304 219 "-" "Superfeedr bot/2.0 http://superfeedr.com - Make your feeds realtime: get in touch - feed-id:138292308"
213.137.172.138 - - [09/Feb/2016:01:47:30 -0800] "GET /wp-content/themes/great/js/modernizr.min.js HTTP/1.1" 200 6229 "http://techmeup.co/trouver-un-job-tech-a-san-francisco-ou-dans-la/" "Mozilla/5.0 (Macintosh; Intel Mac OS X 10_11_2) AppleWebKit/537.36 (KHTML, like Gecko) Chrome/48.0.2564.103 Safari/537.36"
213.137.172.138 - - [09/Feb/2016:01:47:30 -0800] "GET /wp-content/plugins/wp-shortcode/css/tipsy.css?ver=4.1.1 HTTP/1.1" 200 868 "http://techmeup.co/trouver-un-job-tech-a-san-francisco-ou-dans-la/" "Mozilla/5.0 (Macintosh; Intel Mac OS X 10_11_2) AppleWebKit/537.36 (KHTML, like Gecko) Chrome/48.0.2564.103 Safari/537.36"
213.137.172.138 - - [09/Feb/2016:01:47:30 -0800] "GET /wp-includes/js/comment-reply.min.js?ver=4.1.1 HTTP/1.1" 200 757 "http://techmeup.co/trouver-un-job-tech-a-san-francisco-ou-dans-la/" "Mozilla/5.0 (Macintosh; Intel Mac OS X 10_11_2) AppleWebKit/537.36 (KHTML, like Gecko) Chrome/48.0.2564.103 Safari/537.36"
213.137.172.138 - - [09/Feb/2016:01:47:30 -0800] "GET /wp-content/plugins/disqus-comment-system/media/js/disqus.js?ver=4.1.1 HTTP/1.1" 200 1101 "http://techmeup.co/trouver-un-job-tech-a-san-francisco-ou-dans-la/" "Mozilla/5.0 (Macintosh; Intel Mac OS X 10_11_2) AppleWebKit/537.36 (KHTML, like Gecko) Chrome/48.0.2564.103 Safari/537.36"
213.137.172.138 - - [09/Feb/2016:01:47:31 -0800] "GET /wp-content/themes/great/images/linkedin.png HTTP/1.1" 200 4390 "http://techmeup.co/wp-content/themes/great/style.css" "Mozilla/5.0 (Macintosh; Intel Mac OS X 10_11_2) AppleWebKit/537.36 (KHTML, like Gecko) Chrome/48.0.2564.103 Safari/537.36"
213.137.172.138 - - [09/Feb/2016:01:47:30 -0800] "GET /wp-content/uploads/2014/09/logo-transparent-horizontal-1024x482.png HTTP/1.1" 200 334990 "http://techmeup.co/trouver-un-job-tech-a-san-francisco-ou-dans-la/" "Mozilla/5.0 (Macintosh; Intel Mac OS X 10_11_2) AppleWebKit/537.36 (KHTML, like Gecko) Chrome/48.0.2564.103 Safari/537.36"
213.137.172.138 - - [09/Feb/2016:01:47:33 -0800] "GET /wordpress/wp-content/uploads/2015/02/favico.png HTTP/1.1" 200 986 "http://techmeup.co/trouver-un-job-tech-a-san-francisco-ou-dans-la/" "Mozilla/5.0 (Macintosh; Intel Mac OS X 10_11_2) AppleWebKit/537.36 (KHTML, like Gecko) Chrome/48.0.2564.103 Safari/537.36"
90.63.153.205 - - [09/Feb/2016:01:47:36 -0800] "GET /paul-duan-le-super-heros-de-la-data-science-pour/ HTTP/1.1" 200 10121 "-" "Mozilla/5.0 (iPhone; CPU iPhone OS 8_1 like Mac OS X) AppleWebKit/600.1.4 (KHTML, like Gecko) Version/8.0 Mobile/12B410 Safari/600.1.4"
66.249.64.250 - - [09/Feb/2016:01:48:38 -0800] "GET /teresa-colombi-ou-le-futur-de-lexperience-utilisateur/ HTTP/1.1" 200 8834 "-" "Mozilla/5.0 (compatible; Googlebot/2.1; +http://www.google.com/bot.html)"
89.225.230.70 - - [09/Feb/2016:01:50:19 -0800] "GET /wp-content/plugins/easy-twitter-feed-widget/easy-twitter-feed-widget.css?ver=4.1.1 HTTP/1.1" 200 505 "http://techmeup.co/trouver-un-job-tech-a-san-francisco-ou-dans-la/" "Mozilla/5.0 (Macintosh; Intel Mac OS X 10_10_5) AppleWebKit/537.36 (KHTML, like Gecko) Chrome/47.0.2526.111 Safari/537.36"
89.225.230.70 - - [09/Feb/2016:01:50:19 -0800] "GET /wp-content/themes/great/js/customscript.js HTTP/1.1" 200 3600 "http://techmeup.co/trouver-un-job-tech-a-san-francisco-ou-dans-la/" "Mozilla/5.0 (Macintosh; Intel Mac OS X 10_10_5) AppleWebKit/537.36 (KHTML, like Gecko) Chrome/47.0.2526.111 Safari/537.36"
89.225.230.70 - - [09/Feb/2016:01:50:19 -0800] "GET /wp-content/plugins/wp-shortcode/js/jquery.tipsy.js?ver=4.1.1 HTTP/1.1" 200 3065 "http://techmeup.co/trouver-un-job-tech-a-san-francisco-ou-dans-la/" "Mozilla/5.0 (Macintosh; Intel Mac OS X 10_10_5) AppleWebKit/537.36 (KHTML, like Gecko) Chrome/47.0.2526.111 Safari/537.36"
89.225.230.70 - - [09/Feb/2016:01:50:19 -0800] "GET /wp-content/plugins/disqus-comment-system/media/js/disqus.js?ver=4.1.1 HTTP/1.1" 200 1101 "http://techmeup.co/trouver-un-job-tech-a-san-francisco-ou-dans-la/" "Mozilla/5.0 (Macintosh; Intel Mac OS X 10_10_5) AppleWebKit/537.36 (KHTML, like Gecko) Chrome/47.0.2526.111 Safari/537.36"
89.225.230.70 - - [09/Feb/2016:01:50:19 -0800] "GET /wp-content/uploads/2014/07/tumblr_inline_n99vb998z21sygmpd-50x50.jpg HTTP/1.1" 200 2503 "http://techmeup.co/trouver-un-job-tech-a-san-francisco-ou-dans-la/" "Mozilla/5.0 (Macintosh; Intel Mac OS X 10_10_5) AppleWebKit/537.36 (KHTML, like Gecko) Chrome/47.0.2526.111 Safari/537.36"
89.225.230.70 - - [09/Feb/2016:01:50:19 -0800] "GET /wp-content/themes/great/images/search.png HTTP/1.1" 200 1683 "http://techmeup.co/wp-content/themes/great/style.css" "Mozilla/5.0 (Macintosh; Intel Mac OS X 10_10_5) AppleWebKit/537.36 (KHTML, like Gecko) Chrome/47.0.2526.111 Safari/537.36"
89.225.230.70 - - [09/Feb/2016:01:50:22 -0800] "GET /wordpress/wp-content/uploads/2015/02/favico.png HTTP/1.1" 200 987 "http://techmeup.co/trouver-un-job-tech-a-san-francisco-ou-dans-la/" "Mozilla/5.0 (Macintosh; Intel Mac OS X 10_10_5) AppleWebKit/537.36 (KHTML, like Gecko) Chrome/47.0.2526.111 Safari/537.36"
80.13.10.184 - - [09/Feb/2016:01:52:22 -0800] "GET /apple-touch-icon-precomposed.png HTTP/1.1" 404 4871 "-" "Safari/11601.4.4 CFNetwork/760.2.6 Darwin/15.3.0 (x86_64)"
80.13.10.184 - - [09/Feb/2016:01:52:44 -0800] "GET / HTTP/1.1" 200 7274 "-" "Mozilla/5.0 (Macintosh; Intel Mac OS X 10_11_3) AppleWebKit/601.4.4 (KHTML, like Gecko)"
198.58.99.82 - - [09/Feb/2016:01:53:10 -0800] "GET /rss HTTP/1.1" 304 219 "-" "Superfeedr bot/2.0 http://superfeedr.com - Make your feeds realtime: get in touch - feed-id:138292308"
92.90.17.113 - - [09/Feb/2016:01:55:12 -0800] "GET /wp-includes/js/jquery/jquery.js?ver=1.11.1 HTTP/1.1" 200 33586 "http://techmeup.co/10-questions-a-arnaud-ruiz-le-plus-frenchie-des/" "Mozilla/5.0 (iPhone; CPU iPhone OS 8_2 like Mac OS X) AppleWebKit/600.1.4 (KHTML, like Gecko) Version/8.0 Mobile/12D508 Safari/600.1.4"
92.90.17.113 - - [09/Feb/2016:01:55:13 -0800] "GET /wp-content/plugins/wp-shortcode/js/wp-shortcode.js?ver=4.1.1 HTTP/1.1" 200 831 "http://techmeup.co/10-questions-a-arnaud-ruiz-le-plus-frenchie-des/" "Mozilla/5.0 (iPhone; CPU iPhone OS 8_2 like Mac OS X) AppleWebKit/600.1.4 (KHTML, like Gecko) Version/8.0 Mobile/12D508 Safari/600.1.4"
92.90.17.113 - - [09/Feb/2016:01:55:14 -0800] "GET /wp-content/plugins/hupso-share-buttons-for-twitter-facebook-google/style.css?ver=4.1.1 HTTP/1.1" 200 416 "http://techmeup.co/10-questions-a-arnaud-ruiz-le-plus-frenchie-des/" "Mozilla/5.0 (iPhone; CPU iPhone OS 8_2 like Mac OS X) AppleWebKit/600.1.4 (KHTML, like Gecko) Version/8.0 Mobile/12D508 Safari/600.1.4"
92.90.17.113 - - [09/Feb/2016:01:55:14 -0800] "GET /wordpress/wp-content/uploads/2015/02/logo-text1.png HTTP/1.1" 200 5144 "http://techmeup.co/10-questions-a-arnaud-ruiz-le-plus-frenchie-des/" "Mozilla/5.0 (iPhone; CPU iPhone OS 8_2 like Mac OS X) AppleWebKit/600.1.4 (KHTML, like Gecko) Version/8.0 Mobile/12D508 Safari/600.1.4"
92.90.17.113 - - [09/Feb/2016:01:55:21 -0800] "GET /wp-content/themes/great/images/linkedin.png HTTP/1.1" 200 4391 "http://techmeup.co/10-questions-a-arnaud-ruiz-le-plus-frenchie-des/" "Mozilla/5.0 (iPhone; CPU iPhone OS 8_2 like Mac OS X) AppleWebKit/600.1.4 (KHTML, like Gecko) Version/8.0 Mobile/12D508 Safari/600.1.4"
92.90.17.113 - - [09/Feb/2016:01:55:21 -0800] "POST /wp-admin/admin-ajax.php HTTP/1.1" 200 593 "http://techmeup.co/10-questions-a-arnaud-ruiz-le-plus-frenchie-des/" "Mozilla/5.0 (iPhone; CPU iPhone OS 8_2 like Mac OS X) AppleWebKit/600.1.4 (KHTML, like Gecko) Version/8.0 Mobile/12D508 Safari/600.1.4"
62.210.250.66 - - [09/Feb/2016:01:58:01 -0800] "POST /xmlrpc.php HTTP/1.1" 200 433 "http://hnwatcher.com/" "Mozilla/5.0 (Windows NT 10.0; WOW64) AppleWebKit/537.36 (KHTML, like Gecko) Chrome/46.0.2490.86 Safari/537.36"
2.1.201.36 - - [09/Feb/2016:02:06:16 -0800] "GET /rss HTTP/1.1" 304 163 "http://techmeup.co/rss" "FreshRSS/1.0.0 (Linux; http://freshrss.org) SimplePie/1.4-dev-FreshRSS"
62.210.250.66 - - [09/Feb/2016:02:09:54 -0800] "POST /xmlrpc.php HTTP/1.1" 200 433 "http://hnwatcher.com/" "Mozilla/5.0 (Windows NT 10.0; WOW64) AppleWebKit/537.36 (KHTML, like Gecko) Chrome/46.0.2490.86 Safari/537.36"
50.116.30.23 - - [09/Feb/2016:02:17:29 -0800] "GET /rss HTTP/1.1" 304 219 "-" "Superfeedr bot/2.0 http://superfeedr.com - Make your feeds realtime: get in touch - feed-id:138292308"
62.210.250.66 - - [09/Feb/2016:02:24:31 -0800] "POST /xmlrpc.php HTTP/1.1" 200 433 "http://hnwatcher.com/" "Mozilla/5.0 (Windows NT 10.0; WOW64) AppleWebKit/537.36 (KHTML, like Gecko) Chrome/46.0.2490.86 Safari/537.36"
178.137.93.235 - - [09/Feb/2016:02:26:06 -0800] "GET /steeve-morin-de-google-a-lentreprenariat/ HTTP/1.1" 200 29352 "http://www.visa-china.ru/" "Mozilla/4.0 (compatible; MSIE 6.0; Windows NT 5.0; T312461)"
62.210.250.66 - - [09/Feb/2016:02:27:28 -0800] "POST /xmlrpc.php HTTP/1.1" 200 433 "http://hnwatcher.com/" "Mozilla/5.0 (Windows NT 10.0; WOW64) AppleWebKit/537.36 (KHTML, like Gecko) Chrome/46.0.2490.86 Safari/537.36"
90.43.108.157 - - [09/Feb/2016:02:30:54 -0800] "GET /trouver-un-job-tech-a-san-francisco-ou-dans-la-silicon HTTP/1.1" 404 4871 "-" "Mozilla/5.0 (Macintosh; Intel Mac OS X 10_11) AppleWebKit/601.1.56 (KHTML, like Gecko)"
90.43.108.157 - - [09/Feb/2016:02:31:05 -0800] "GET /post/98008044383/trouver-un-job-tech-a-san-francisco-ou-dans-la-silicon HTTP/1.1" 301 374 "-" "Mozilla/5.0 (iPhone; CPU iPhone OS 8_1 like Mac OS X) AppleWebKit/600.1.4 (KHTML, like Gecko) Version/8.0 Mobile/12B410 Safari/600.1.4"
90.43.108.157 - - [09/Feb/2016:02:31:07 -0800] "GET /apple-touch-icon.png HTTP/1.1" 404 4871 "-" "Safari/11601.1.56 CFNetwork/760.0.5 Darwin/15.0.0 (x86_64)"
193.164.197.233 - - [09/Feb/2016:02:35:33 -0800] "GET / HTTP/1.1" 200 7274 "-" "Mozilla/5.0 (Macintosh; Intel Mac OS X 10_11_3) AppleWebKit/601.4.4 (KHTML, like Gecko)"
193.164.197.233 - - [09/Feb/2016:02:35:46 -0800] "GET / HTTP/1.1" 200 7274 "-" "Mozilla/5.0 (iPhone; CPU iPhone OS 9_1 like Mac OS X) AppleWebKit/601.1.46 (KHTML, like Gecko) Version/9.0 Mobile/13B143 Safari/601.1"
2.1.201.36 - - [09/Feb/2016:02:36:23 -0800] "GET /rss HTTP/1.1" 304 163 "http://techmeup.co/rss" "FreshRSS/1.0.0 (Linux; http://freshrss.org) SimplePie/1.4-dev-FreshRSS"
199.16.156.126 - - [09/Feb/2016:02:46:33 -0800] "GET /robots.txt HTTP/1.1" 200 367 "-" "Twitterbot/1.0"
165.225.80.115 - - [09/Feb/2016:02:48:00 -0800] "GET /wp-content/themes/great/style.css HTTP/1.1" 200 7662 "http://techmeup.co/trouver-un-job-tech-a-san-francisco-ou-dans-la/" "Mozilla/5.0 (Windows NT 6.1; WOW64; Trident/7.0; rv:11.0) like Gecko"
165.225.80.115 - - [09/Feb/2016:02:48:00 -0800] "GET /wp-content/plugins/wp-shortcode/css/tipsy.css?ver=4.1.1 HTTP/1.1" 200 867 "http://techmeup.co/trouver-un-job-tech-a-san-francisco-ou-dans-la/" "Mozilla/5.0 (Windows NT 6.1; WOW64; Trident/7.0; rv:11.0) like Gecko"
165.225.80.115 - - [09/Feb/2016:02:48:00 -0800] "GET /wp-content/plugins/wp-shortcode/js/jquery.tipsy.js?ver=4.1.1 HTTP/1.1" 200 3065 "http://techmeup.co/trouver-un-job-tech-a-san-francisco-ou-dans-la/" "Mozilla/5.0 (Windows NT 6.1; WOW64; Trident/7.0; rv:11.0) like Gecko"
165.225.80.115 - - [09/Feb/2016:02:48:01 -0800] "GET /wp-includes/js/comment-reply.min.js?ver=4.1.1 HTTP/1.1" 200 757 "http://techmeup.co/trouver-un-job-tech-a-san-francisco-ou-dans-la/" "Mozilla/5.0 (Windows NT 6.1; WOW64; Trident/7.0; rv:11.0) like Gecko"
165.225.80.115 - - [09/Feb/2016:02:48:01 -0800] "GET /wp-content/uploads/2014/06/tumblr_inline_n6zugoFw371sygmpd-50x50.jpg HTTP/1.1" 200 2091 "http://techmeup.co/trouver-un-job-tech-a-san-francisco-ou-dans-la/" "Mozilla/5.0 (Windows NT 6.1; WOW64; Trident/7.0; rv:11.0) like Gecko"
165.225.80.115 - - [09/Feb/2016:02:48:01 -0800] "GET /wp-content/themes/great/images/twitter.png HTTP/1.1" 200 4483 "http://techmeup.co/trouver-un-job-tech-a-san-francisco-ou-dans-la/" "Mozilla/5.0 (Windows NT 6.1; WOW64; Trident/7.0; rv:11.0) like Gecko"
165.225.80.115 - - [09/Feb/2016:02:48:01 -0800] "POST /wp-admin/admin-ajax.php HTTP/1.1" 200 503 "http://techmeup.co/trouver-un-job-tech-a-san-francisco-ou-dans-la/" "Mozilla/5.0 (Windows NT 6.1; WOW64; Trident/7.0; rv:11.0) like Gecko"
198.58.102.96 - - [09/Feb/2016:02:50:49 -0800] "GET /rss HTTP/1.1" 304 219 "-" "Superfeedr bot/2.0 http://superfeedr.com - Make your feeds realtime: get in touch - feed-id:138292308"
66.249.64.132 - - [09/Feb/2016:02:56:07 -0800] "GET /post/103124816768/paul-duan-le-super-heros-de-la-data-science-pour HTTP/1.1" 301 368 "-" "Mozilla/5.0 (compatible; Googlebot/2.1; +http://www.google.com/bot.html)"
66.249.93.116 - - [09/Feb/2016:02:57:48 -0800] "GET / HTTP/1.1" 200 7274 "-" "Mozilla/5.0 (Windows NT 6.1; rv:6.0) Gecko/20110814 Firefox/6.0 Google Favicon"
217.145.35.62 - - [09/Feb/2016:02:57:51 -0800] "GET /wp-content/themes/great/js/modernizr.min.js HTTP/1.1" 200 6229 "http://techmeup.co/teresa-colombi-ou-le-futur-de-lexperience-utilisateur/" "Mozilla/5.0 (Windows NT 6.1; WOW64) AppleWebKit/537.36 (KHTML, like Gecko) Chrome/48.0.2564.103 Safari/537.36"
217.145.35.62 - - [09/Feb/2016:02:57:51 -0800] "GET /wp-content/plugins/wp-shortcode/css/wp-shortcode.css?ver=4.1.1 HTTP/1.1" 200 2050 "http://techmeup.co/teresa-colombi-ou-le-futur-de-lexperience-utilisateur/" "Mozilla/5.0 (Windows NT 6.1; WOW64) AppleWebKit/537.36 (KHTML, like Gecko) Chrome/48.0.2564.103 Safari/537.36"
217.145.35.62 - - [09/Feb/2016:02:57:51 -0800] "GET /wp-includes/js/jquery/jquery-migrate.min.js?ver=1.2.1 HTTP/1.1" 200 3421 "http://techmeup.co/teresa-colombi-ou-le-futur-de-lexperience-utilisateur/" "Mozilla/5.0 (Windows NT 6.1; WOW64) AppleWebKit/537.36 (KHTML, like Gecko) Chrome/48.0.2564.103 Safari/537.36"
217.145.35.62 - - [09/Feb/2016:02:57:51 -0800] "GET /wp-content/plugins/easy-twitter-feed-widget/lib/js/widget-easy-twitter-feed-widget.js?ver=1.0 HTTP/1.1" 200 663 "http://techmeup.co/teresa-colombi-ou-le-futur-de-lexperience-utilisateur/" "Mozilla/5.0 (Windows NT 6.1; WOW64) AppleWebKit/537.36 (KHTML, like Gecko) Chrome/48.0.2564.103 Safari/537.36"
217.145.35.62 - - [09/Feb/2016:02:57:51 -0800] "GET /wp-content/uploads/2014/06/tumblr_inline_n773jlxJpN1sa6hof-50x50.jpg HTTP/1.1" 200 2114 "http://techmeup.co/teresa-colombi-ou-le-futur-de-lexperience-utilisateur/" "Mozilla/5.0 (Windows NT 6.1; WOW64) AppleWebKit/537.36 (KHTML, like Gecko) Chrome/48.0.2564.103 Safari/537.36"
217.145.35.62 - - [09/Feb/2016:02:57:51 -0800] "GET /wp-content/themes/great/images/arrow.png HTTP/1.1" 200 437 "http://techmeup.co/wp-content/themes/great/style.css" "Mozilla/5.0 (Windows NT 6.1; WOW64) AppleWebKit/537.36 (KHTML, like Gecko) Chrome/48.0.2564.103 Safari/537.36"
217.145.35.62 - - [09/Feb/2016:02:57:53 -0800] "GET /teresa-colombi-ou-le-futur-de-lexperience-utilisateur/?cf_action=sync_comments&post_id=325 HTTP/1.1" 200 308 "http://techmeup.co/teresa-colombi-ou-le-futur-de-lexperience-utilisateur/" "Mozilla/5.0 (Windows NT 6.1; WOW64) AppleWebKit/537.36 (KHTML, like Gecko) Chrome/48.0.2564.103 Safari/537.36"
66.249.64.11 - - [09/Feb/2016:02:59:07 -0800] "GET /robots.txt HTTP/1.1" 200 423 "-" "Mozilla/5.0 (compatible; Googlebot/2.1; +http://www.google.com/bot.html)"
80.13.10.184 - - [09/Feb/2016:03:02:06 -0800] "GET /apple-touch-icon-precomposed.png HTTP/1.1" 404 4871 "-" "Safari/11601.4.4 CFNetwork/760.2.6 Darwin/15.3.0 (x86_64)"
80.13.10.184 - - [09/Feb/2016:03:02:28 -0800] "GET / HTTP/1.1" 200 7274 "-" "Mozilla/5.0 (Macintosh; Intel Mac OS X 10_11_3) AppleWebKit/601.4.4 (KHTML, like Gecko)"
31.13.102.108 - - [09/Feb/2016:03:02:29 -0800] "GET /wp-content/uploads/2014/06/tumblr_inline_n6kfddJqSP1sa6hof-50x50.jpg HTTP/1.1" 206 2784 "http://techmeup.co/teresa-colombi-ou-le-futur-de-lexperience-utilisateur/" "facebookexternalhit/1.1 (+http://www.facebook.com/externalhit_uatext.php)"
80.13.10.184 - - [09/Feb/2016:03:02:39 -0800] "GET / HTTP/1.1" 200 7274 "-" "Mozilla/5.0 (iPhone; CPU iPhone OS 9_1 like Mac OS X) AppleWebKit/601.1.46 (KHTML, like Gecko) Version/9.0 Mobile/13B143 Safari/601.1"
2.1.201.36 - - [09/Feb/2016:03:06:32 -0800] "GET /rss HTTP/1.1" 304 163 "http://techmeup.co/rss" "FreshRSS/1.0.0 (Linux; http://freshrss.org) SimplePie/1.4-dev-FreshRSS"
66.249.64.138 - - [09/Feb/2016:03:14:27 -0800] "GET /trouver-un-job-tech-a-san-francisco-ou-dans-la/ HTTP/1.1" 200 15531 "-" "Mozilla/5.0 (compatible; Googlebot/2.1; +http://www.google.com/bot.html)"
66.249.64.250 - - [09/Feb/2016:03:17:37 -0800] "GET /paul-duan-le-super-heros-de-la-data-science-pour/ HTTP/1.1" 200 10147 "-" "Mozilla/5.0 (compatible; Googlebot/2.1; +http://www.google.com/bot.html)"
199.16.156.124 - - [09/Feb/2016:03:20:34 -0800] "GET /post/82763315244/florent-crivello-ingenieur-ios-a-kwarter HTTP/1.1" 301 304 "-" "Twitterbot/1.0"
141.8.132.38 - - [09/Feb/2016:03:22:54 -0800] "GET /favicon.ico HTTP/1.1" 200 238 "-" "Mozilla/5.0 (compatible; YandexBot/3.0; +http://yandex.com/bots)"
66.249.64.250 - - [09/Feb/2016:03:26:47 -0800] "GET /raodath-aminou-la-revolution-du-commerce-est-en/ HTTP/1.1" 200 9249 "-" "Mozilla/5.0 (compatible; Googlebot/2.1; +http://www.google.com/bot.html)"
193.48.136.254 - - [09/Feb/2016:03:34:47 -0800] "GET /trouver-un-job-tech-a-san-francisco-ou-dans-la-silicon HTTP/1.1" 404 4871 "-" "Mozilla/5.0 (Macintosh; Intel Mac OS X 10_11_3) AppleWebKit/601.4.4 (KHTML, like Gecko)"
193.48.136.254 - - [09/Feb/2016:03:34:49 -0800] "GET /apple-touch-icon.png HTTP/1.1" 404 4871 "-" "Safari/11601.4.4 CFNetwork/760.2.6 Darwin/15.3.0 (x86_64)"
193.48.136.254 - - [09/Feb/2016:03:35:06 -0800] "GET /apple-touch-icon-precomposed.png HTTP/1.1" 404 4871 "-" "Safari/11601.4.4 CFNetwork/760.2.6 Darwin/15.3.0 (x86_64)"
66.249.64.132 - - [09/Feb/2016:03:38:56 -0800] "GET /rostom-cheikh-aissa-de-gdf-suez-complexity-is HTTP/1.1" 301 442 "-" "Mozilla/5.0 (compatible; Googlebot/2.1; +http://www.google.com/bot.html)"
66.249.64.138 - - [09/Feb/2016:03:41:57 -0800] "GET /creer-sa-startup-seul-et-la-revendre-a-un-geant/ HTTP/1.1" 200 10059 "-" "Mozilla/5.0 (compatible; Googlebot/2.1; +http://www.google.com/bot.html)"
199.16.156.124 - - [09/Feb/2016:03:42:10 -0800] "GET /5-questions-a-ilan-abehassera/ HTTP/1.1" 200 8477 "-" "Twitterbot/1.0"
199.16.156.124 - - [09/Feb/2016:03:42:11 -0800] "GET /post/98806539878/le-jour-ou-les-startups-tech-nauront-plus-de-sens HTTP/1.1" 301 313 "-" "Twitterbot/1.0"
199.16.156.125 - - [09/Feb/2016:03:42:11 -0800] "GET /nathan-barraille-lead-developer-a-slideshare/ HTTP/1.1" 200 10474 "-" "Twitterbot/1.0"
199.16.156.125 - - [09/Feb/2016:03:42:12 -0800] "GET /post/86385064806/office-tour-de-rackspace-san-francisco-avec-blake HTTP/1.1" 301 313 "-" "Twitterbot/1.0"
199.16.156.124 - - [09/Feb/2016:03:42:13 -0800] "GET /post/97646423958/alexei-chemenda-toujours-etudiant-et-deja-entrepreneur HTTP/1.1" 301 318 "-" "Twitterbot/1.0"
199.16.156.126 - - [09/Feb/2016:03:42:15 -0800] "GET /post/85133972498/julie-foulon-de-betagroup-fait-swinguer-la-belgique HTTP/1.1" 301 315 "-" "Twitterbot/1.0"
199.16.156.126 - - [09/Feb/2016:03:42:14 -0800] "GET /le-talent-cache-dalexei-chemenda-co-fondateur-de/ HTTP/1.1" 200 8715 "-" "Twitterbot/1.0"
199.16.156.124 - - [09/Feb/2016:03:42:14 -0800] "GET /sylvia-gallusser-expatriee-aux-us-jaime-mon-pays-la-france-reviensleon/ HTTP/1.1" 200 8831 "-" "Twitterbot/1.0"
199.16.156.126 - - [09/Feb/2016:03:42:16 -0800] "GET /post/103488947853/textme-cest-de-la-bombe HTTP/1.1" 301 287 "-" "Twitterbot/1.0"
199.16.156.125 - - [09/Feb/2016:03:42:17 -0800] "GET /julie-foulon-de-betagroup-fait-swinguer-la-belgique HTTP/1.1" 404 4816 "-" "Twitterbot/1.0"
199.16.156.125 - - [09/Feb/2016:03:42:16 -0800] "GET /alexei-chemenda-toujours-etudiant-et-deja-entrepreneur HTTP/1.1" 404 4816 "-" "Twitterbot/1.0"
199.16.156.126 - - [09/Feb/2016:03:42:16 -0800] "GET / HTTP/1.1" 200 7218 "-" "Twitterbot/1.0"
199.16.156.125 - - [09/Feb/2016:03:42:18 -0800] "GET /william-brendel-research-scientist-chez-amazon-le/ HTTP/1.1" 200 9659 "-" "Twitterbot/1.0"
199.16.156.126 - - [09/Feb/2016:03:42:22 -0800] "GET /wp-content/uploads/2014/06/tumblr_inline_n773jlxJpN1sa6hof-300x298.jpg HTTP/1.1" 200 20477 "-" "Twitterbot/1.0"
199.16.156.126 - - [09/Feb/2016:03:42:19 -0800] "GET /techmeup-le-monde-merveilleux-de-la-tech HTTP/1.1" 301 381 "-" "Twitterbot/1.0"
199.16.156.124 - - [09/Feb/2016:03:42:23 -0800] "GET /wp-content/uploads/2014/09/tumblr_inline_nbn26ulwUH1sygmpd-200x300.jpg HTTP/1.1" 200 22021 "-" "Twitterbot/1.0"
199.16.156.125 - - [09/Feb/2016:03:42:21 -0800] "GET /paul-duan-le-super-heros-de-la-data-science-pour/ HTTP/1.1" 200 10070 "-" "Twitterbot/1.0"
199.16.156.125 - - [09/Feb/2016:03:42:29 -0800] "GET /textme-cest-de-la-bombe HTTP/1.1" 301 364 "-" "Twitterbot/1.0"
209.133.111.211 - - [09/Feb/2016:03:43:18 -0800] "GET /feed/ HTTP/1.1" 200 20931 "-" "rogerbot/1.0 (http://www.moz.com/dp/rogerbot, rogerbot-crawler@moz.com)"
198.58.103.160 - - [09/Feb/2016:03:48:11 -0800] "GET /rss HTTP/1.1" 304 219 "-" "Superfeedr bot/2.0 http://superfeedr.com - Make your feeds realtime: get in touch - feed-id:138292308"
199.16.156.125 - - [09/Feb/2016:03:54:06 -0800] "GET /post/95372240798/pierre-olivier-pod-dybman-le-tech-francais-de HTTP/1.1" 301 309 "-" "Twitterbot/1.0"
180.76.15.31 - - [09/Feb/2016:03:55:08 -0800] "GET /category/how-to/ HTTP/1.1" 200 6045 "-" "Mozilla/5.0 (compatible; Baiduspider/2.0; +http://www.baidu.com/search/spider.html)"
178.255.215.65 - - [09/Feb/2016:03:57:50 -0800] "GET /frenchweb-de-lautre-cote-de-la-camera/ HTTP/1.1" 200 8038 "-" "Mozilla/5.0 (compatible; Exabot/3.0; +http://www.exabot.com/go/robot)"
82.225.121.227 - - [09/Feb/2016:04:00:36 -0800] "GET /wp-content/themes/great/js/modernizr.min.js HTTP/1.1" 200 6229 "http://techmeup.co/trouver-un-job-tech-a-san-francisco-ou-dans-la/" "Mozilla/5.0 (iPad; CPU OS 8_1_1 like Mac OS X) AppleWebKit/600.1.4 (KHTML, like Gecko) CriOS/45.0.2454.89 Mobile/12B435 Safari/600.1.4"
82.225.121.227 - - [09/Feb/2016:04:00:36 -0800] "GET /wp-content/plugins/wp-shortcode/css/tipsy.css?ver=4.1.1 HTTP/1.1" 200 868 "http://techmeup.co/trouver-un-job-tech-a-san-francisco-ou-dans-la/" "Mozilla/5.0 (iPad; CPU OS 8_1_1 like Mac OS X) AppleWebKit/600.1.4 (KHTML, like Gecko) CriOS/45.0.2454.89 Mobile/12B435 Safari/600.1.4"
82.225.121.227 - - [09/Feb/2016:04:00:36 -0800] "GET /wp-includes/js/jquery/jquery-migrate.min.js?ver=1.2.1 HTTP/1.1" 200 3421 "http://techmeup.co/trouver-un-job-tech-a-san-francisco-ou-dans-la/" "Mozilla/5.0 (iPad; CPU OS 8_1_1 like Mac OS X) AppleWebKit/600.1.4 (KHTML, like Gecko) CriOS/45.0.2454.89 Mobile/12B435 Safari/600.1.4"
82.225.121.227 - - [09/Feb/2016:04:00:37 -0800] "GET /wp-content/uploads/2014/11/tumblr_inline_negm7m1xwx1sygmpd-50x50.jpg HTTP/1.1" 200 1740 "http://techmeup.co/trouver-un-job-tech-a-san-francisco-ou-dans-la/" "Mozilla/5.0 (iPad; CPU OS 8_1_1 like Mac OS X) AppleWebKit/600.1.4 (KHTML, like Gecko) CriOS/45.0.2454.89 Mobile/12B435 Safari/600.1.4"
82.225.121.227 - - [09/Feb/2016:04:00:37 -0800] "GET /wp-content/plugins/disqus-comment-system/media/js/disqus.js?ver=4.1.1 HTTP/1.1" 200 1101 "http://techmeup.co/trouver-un-job-tech-a-san-francisco-ou-dans-la/" "Mozilla/5.0 (iPad; CPU OS 8_1_1 like Mac OS X) AppleWebKit/600.1.4 (KHTML, like Gecko) CriOS/45.0.2454.89 Mobile/12B435 Safari/600.1.4"
82.225.121.227 - - [09/Feb/2016:04:00:39 -0800] "POST /wp-admin/admin-ajax.php HTTP/1.1" 200 592 "http://techmeup.co/trouver-un-job-tech-a-san-francisco-ou-dans-la/" "Mozilla/5.0 (iPad; CPU OS 8_1_1 like Mac OS X) AppleWebKit/600.1.4 (KHTML, like Gecko) CriOS/45.0.2454.89 Mobile/12B435 Safari/600.1.4"
82.225.121.227 - - [09/Feb/2016:04:00:48 -0800] "GET /wordpress/wp-content/uploads/2015/02/favico.png HTTP/1.1" 200 987 "-" "Mozilla/5.0 (iPad; CPU OS 8_1_1 like Mac OS X) AppleWebKit/600.1.4 (KHTML, like Gecko) CriOS/45.0.2454.89 Mobile/12B435 Safari/600.1.4"
198.58.102.49 - - [09/Feb/2016:04:04:11 -0800] "GET /rss HTTP/1.1" 304 219 "-" "Superfeedr bot/2.0 http://superfeedr.com - Make your feeds realtime: get in touch - feed-id:138292308"
199.59.148.209 - - [09/Feb/2016:04:06:22 -0800] "GET /robots.txt HTTP/1.1" 200 367 "-" "Twitterbot/1.0"
2.1.201.36 - - [09/Feb/2016:04:06:38 -0800] "GET /rss HTTP/1.1" 304 163 "http://techmeup.co/rss" "FreshRSS/1.0.0 (Linux; http://freshrss.org) SimplePie/1.4-dev-FreshRSS"
198.58.102.158 - - [09/Feb/2016:04:12:19 -0800] "GET /rss HTTP/1.1" 304 219 "-" "Superfeedr bot/2.0 http://superfeedr.com - Make your feeds realtime: get in touch - feed-id:138292308"
62.210.162.19 - - [09/Feb/2016:04:14:23 -0800] "GET /wp-content/uploads/2015/03/1-9mRgHn-sBX_FQuA08m4kdA-1024x755.jpeg HTTP/1.1" 200 97501 "http://hnwatcher.com/silicon-valley/" "Mozilla/5.0 (iPhone; CPU iPhone OS 7_0 like Mac OS X) AppleWebKit/534.46 (KHTML, like Gecko) Version/5.1 Mobile/9A334 Safari/7534.48.3"
62.210.141.46 - - [09/Feb/2016:04:18:06 -0800] "GET /wp-content/uploads/2015/02/10527525_10153205547817652_3810498128776234928_n-300x300.jpg HTTP/1.1" 200 34314 "http://hnwatcher.com/silicon-valley/" "Mozilla/5.0 (iPhone; CPU iPhone OS 7_0 like Mac OS X) AppleWebKit/534.46 (KHTML, like Gecko) Version/5.1 Mobile/9A334 Safari/7534.48.3"
62.210.141.46 - - [09/Feb/2016:04:18:06 -0800] "GET /wp-content/uploads/2015/03/1-l57K-8uyN9ELuGbgcaItmw-1024x524.png HTTP/1.1" 200 190496 "http://hnwatcher.com/silicon-valley/" "Mozilla/5.0 (iPhone; CPU iPhone OS 7_0 like Mac OS X) AppleWebKit/534.46 (KHTML, like Gecko) Version/5.1 Mobile/9A334 Safari/7534.48.3"
62.210.141.47 - - [09/Feb/2016:04:22:13 -0800] "GET /wp-content/uploads/2015/02/10527525_10153205547817652_3810498128776234928_n-300x300.jpg HTTP/1.1" 200 34314 "http://hnwatcher.com/silicon-valley/" "Mozilla/5.0 (iPhone; CPU iPhone OS 7_0 like Mac OS X) AppleWebKit/534.46 (KHTML, like Gecko) Version/5.1 Mobile/9A334 Safari/7534.48.3"
62.210.141.47 - - [09/Feb/2016:04:22:13 -0800] "GET /wp-content/uploads/2015/03/1-4hdrSSvSgHd6oa4AL5KK3Q.jpeg HTTP/1.1" 200 174731 "http://hnwatcher.com/silicon-valley/" "Mozilla/5.0 (iPhone; CPU iPhone OS 7_0 like Mac OS X) AppleWebKit/534.46 (KHTML, like Gecko) Version/5.1 Mobile/9A334 Safari/7534.48.3"
173.244.168.194 - - [09/Feb/2016:04:23:41 -0800] "GET /wp-content/uploads/2015/03/4N8A4857-1024x683.jpg HTTP/1.1" 200 115506 "-" "Java/1.7.0_10"
173.244.168.226 - - [09/Feb/2016:04:23:41 -0800] "GET /wp-content/uploads/2015/03/1-4hdrSSvSgHd6oa4AL5KK3Q.jpeg HTTP/1.1" 200 174731 "-" "Java/1.7.0_10"
80.13.10.184 - - [09/Feb/2016:04:26:00 -0800] "GET /trouver-un-job-tech-a-san-francisco-ou-dans-la/apple-touch-icon.png HTTP/1.1" 404 4872 "-" "Safari/11601.4.4 CFNetwork/760.2.6 Darwin/15.3.0 (x86_64)"
80.13.10.184 - - [09/Feb/2016:04:26:11 -0800] "GET /trouver-un-job-tech-a-san-francisco-ou-dans-la/apple-touch-icon.png HTTP/1.1" 404 4872 "-" "Safari/11601.4.4 CFNetwork/760.2.6 Darwin/15.3.0 (x86_64)"
80.13.10.184 - - [09/Feb/2016:04:26:32 -0800] "GET / HTTP/1.1" 200 7274 "-" "Mozilla/5.0 (iPhone; CPU iPhone OS 9_1 like Mac OS X) AppleWebKit/601.1.46 (KHTML, like Gecko) Version/9.0 Mobile/13B143 Safari/601.1"
198.58.103.28 - - [09/Feb/2016:04:38:02 -0800] "GET /rss HTTP/1.1" 304 219 "-" "Superfeedr bot/2.0 http://superfeedr.com - Make your feeds realtime: get in touch - feed-id:138292308"
