92.139.71.249 - - [09/Feb/2016:04:39:12 -0800] "GET /trouver-un-job-tech-a-san-francisco-ou-dans-la/ HTTP/1.1" 200 15513 "-" "Mozilla/5.0 (Macintosh; Intel Mac OS X 10_11_3) AppleWebKit/601.4.4 (KHTML, like Gecko)"
92.139.71.249 - - [09/Feb/2016:04:39:24 -0800] "GET /post/98008044383/trouver-un-job-tech-a-san-francisco-ou-dans-la HTTP/1.1" 301 366 "-" "Mozilla/5.0 (iPhone; CPU iPhone OS 9_1 like Mac OS X) AppleWebKit/601.1.46 (KHTML, like Gecko) Version/9.0 Mobile/13B143 Safari/601.1"
92.139.71.249 - - [09/Feb/2016:04:39:26 -0800] "GET /apple-touch-icon-precomposed.png HTTP/1.1" 404 4871 "-" "Safari/11601.4.4 CFNetwork/760.2.6 Darwin/15.3.0 (x86_64)"
198.58.102.95 - - [09/Feb/2016:04:46:43 -0800] "GET /rss HTTP/1.1" 304 219 "-" "Superfeedr bot/2.0 http://superfeedr.com - Make your feeds realtime: get in touch - feed-id:138292308"
193.164.197.233 - - [09/Feb/2016:04:52:59 -0800] "GET /apple-touch-icon.png HTTP/1.1" 404 4871 "-" "Safari/11601.4.4 CFNetwork/760.2.6 Darwin/15.3.0 (x86_64)"
193.164.197.233 - - [09/Feb/2016:04:53:10 -0800] "GET /apple-touch-icon.png HTTP/1.1" 404 4871 "-" "Safari/11601.4.4 CFNetwork/760.2.6 Darwin/15.3.0 (x86_64)"
90.216.150.194 - - [09/Feb/2016:05:01:12 -0800] "GET /wp-content/plugins/easy-twitter-feed-widget/easy-twitter-feed-widget.css?ver=4.1.1 HTTP/1.1" 200 505 "http://techmeup.co/du-travail-pour-les-epoux-epouses-dimmigres-tech-aux-us/" "Mozilla/5.0 (Linux; Android 6.0; LG-H815 Build/MRA58K) AppleWebKit/537.36 (KHTML, like Gecko) Version/4.0 Chrome/38.0.2125.102 Mobile Safari/537.36"
90.216.150.194 - - [09/Feb/2016:05:01:12 -0800] "GET /wp-content/themes/great/style.css HTTP/1.1" 200 7662 "http://techmeup.co/du-travail-pour-les-epoux-epouses-dimmigres-tech-aux-us/" "Mozilla/5.0 (Linux; Android 6.0; LG-H815 Build/MRA58K) AppleWebKit/537.36 (KHTML, like Gecko) Version/4.0 Chrome/38.0.2125.102 Mobile Safari/537.36"
90.216.150.194 - - [09/Feb/2016:05:01:12 -0800] "GET /wp-content/plugins/easy-twitter-feed-widget/lib/js/widget-easy-twitter-feed-widget.js?ver=1.0 HTTP/1.1" 200 663 "http://techmeup.co/du-travail-pour-les-epoux-epouses-dimmigres-tech-aux-us/" "Mozilla/5.0 (Linux; Android 6.0; LG-H815 Build/MRA58K) AppleWebKit/537.36 (KHTML, like Gecko) Version/4.0 Chrome/38.0.2125.102 Mobile Safari/537.36"
90.216.150.194 - - [09/Feb/2016:05:01:14 -0800] "GET /wp-content/plugins/wp-shortcode/js/wp-shortcode.js?ver=4.1.1 HTTP/1.1" 200 832 "http://techmeup.co/du-travail-pour-les-epoux-epouses-dimmigres-tech-aux-us/" "Mozilla/5.0 (Linux; Android 6.0; LG-H815 Build/MRA58K) AppleWebKit/537.36 (KHTML, like Gecko) Version/4.0 Chrome/38.0.2125.102 Mobile Safari/537.36"
90.216.150.194 - - [09/Feb/2016:05:01:14 -0800] "GET /wp-content/themes/great/images/facebook.png HTTP/1.1" 200 4285 "http://techmeup.co/wp-content/themes/great/style.css" "Mozilla/5.0 (Linux; Android 6.0; LG-H815 Build/MRA58K) AppleWebKit/537.36 (KHTML, like Gecko) Version/4.0 Chrome/38.0.2125.102 Mobile Safari/537.36"
90.216.150.194 - - [09/Feb/2016:05:01:14 -0800] "GET /wp-content/themes/great/images/arrow.png HTTP/1.1" 200 437 "http://techmeup.co/wp-content/themes/great/style.css" "Mozilla/5.0 (Linux; Android 6.0; LG-H815 Build/MRA58K) AppleWebKit/537.36 (KHTML, like Gecko) Version/4.0 Chrome/38.0.2125.102 Mobile Safari/537.36"
90.216.150.194 - - [09/Feb/2016:05:01:23 -0800] "GET /wordpress/wp-content/uploads/2015/02/favico.png HTTP/1.1" 200 987 "-" "Mozilla/5.0 (Linux; Android 6.0; LG-H815 Build/MRA58K) AppleWebKit/537.36 (KHTML, like Gecko) Version/4.0 Chrome/38.0.2125.102 Mobile Safari/537.36"
62.210.142.23 - jez [09/Feb/2016:05:06:06 -0800] "GET /rss HTTP/1.1" 304 163 "http://jez:lumn0h3D@techmeup.co/rss" "FreshRSS/1.0.0 (Linux; http://freshrss.org) SimplePie/1.4-dev-FreshRSS"
198.58.96.215 - - [09/Feb/2016:05:13:58 -0800] "GET /rss HTTP/1.1" 304 219 "-" "Superfeedr bot/2.0 http://superfeedr.com - Make your feeds realtime: get in touch - feed-id:138292308"
79.93.156.12 - - [09/Feb/2016:05:19:32 -0800] "GET /wp-content/themes/great/js/modernizr.min.js HTTP/1.1" 200 6228 "http://techmeup.co/adrien-duermael-pixowl-et-lindustrie/" "Mozilla/5.0 (Windows NT 6.1; rv:44.0) Gecko/20100101 Firefox/44.0"
79.93.156.12 - - [09/Feb/2016:05:19:32 -0800] "GET /wp-content/plugins/wp-shortcode/css/tipsy.css?ver=4.1.1 HTTP/1.1" 200 868 "http://techmeup.co/adrien-duermael-pixowl-et-lindustrie/" "Mozilla/5.0 (Windows NT 6.1; rv:44.0) Gecko/20100101 Firefox/44.0"
79.93.156.12 - - [09/Feb/2016:05:19:32 -0800] "GET /wp-content/plugins/wp-shortcode/js/jquery.tipsy.js?ver=4.1.1 HTTP/1.1" 200 3065 "http://techmeup.co/adrien-duermael-pixowl-et-lindustrie/" "Mozilla/5.0 (Windows NT 6.1; rv:44.0) Gecko/20100101 Firefox/44.0"
79.93.156.12 - - [09/Feb/2016:05:19:32 -0800] "GET /wp-content/plugins/disqus-comment-system/media/js/count.js?ver=4.1.1 HTTP/1.1" 200 776 "http://techmeup.co/adrien-duermael-pixowl-et-lindustrie/" "Mozilla/5.0 (Windows NT 6.1; rv:44.0) Gecko/20100101 Firefox/44.0"
79.93.156.12 - - [09/Feb/2016:05:19:32 -0800] "GET /wp-content/themes/great/images/facebook.png HTTP/1.1" 200 4285 "http://techmeup.co/wp-content/themes/great/style.css" "Mozilla/5.0 (Windows NT 6.1; rv:44.0) Gecko/20100101 Firefox/44.0"
31.130.135.67 - - [09/Feb/2016:05:23:13 -0800] "GET /favicon.ico HTTP/1.1" 200 239 "-" "Mozilla/5.0 (iPhone; CPU iPhone OS 7_1_2 like Mac OS X) AppleWebKit/537.51.2 (KHTML, like Gecko) YaBrowser/16.2.0.3537.10 Mobile/11D257 Safari/9537.53"
62.210.188.62 - - [09/Feb/2016:05:25:50 -0800] "GET /wp-content/uploads/2015/02/10527525_10153205547817652_3810498128776234928_n-300x300.jpg HTTP/1.1" 200 34314 "http://hnwatcher.com/silicon-valley/" "Mozilla/5.0 (iPhone; CPU iPhone OS 7_0 like Mac OS X) AppleWebKit/534.46 (KHTML, like Gecko) Version/5.1 Mobile/9A334 Safari/7534.48.3"
62.210.188.62 - - [09/Feb/2016:05:25:50 -0800] "GET /wp-content/uploads/2015/03/1-l57K-8uyN9ELuGbgcaItmw-1024x524.png HTTP/1.1" 200 190496 "http://hnwatcher.com/silicon-valley/" "Mozilla/5.0 (iPhone; CPU iPhone OS 7_0 like Mac OS X) AppleWebKit/534.46 (KHTML, like Gecko) Version/5.1 Mobile/9A334 Safari/7534.48.3"
178.137.17.196 - - [09/Feb/2016:05:26:09 -0800] "GET /steeve-morin-de-google-a-lentreprenariat/ HTTP/1.1" 200 29399 "http://smstraf.ru/" "Opera/9.0 (Windows NT 5.1; U; en)"
209.51.205.2 - - [09/Feb/2016:05:27:18 -0800] "GET /wp-content/uploads/2015/03/1-4hdrSSvSgHd6oa4AL5KK3Q.jpeg HTTP/1.1" 200 174731 "-" "Java/1.7.0_10"
5.39.17.245 - - [09/Feb/2016:05:29:22 -0800] "GET /feed/ HTTP/1.1" 200 20931 "http://techmeup.co/feed/" "SimplePie/1.3.1 (Feed Parser; http://simplepie.org; Allow like Gecko) Build/20140612090914"
80.13.10.184 - - [09/Feb/2016:05:31:08 -0800] "GET /trouver-un-job-tech-a-san-francisco-ou-dans-la/apple-touch-icon.png HTTP/1.1" 404 4872 "-" "Safari/11601.4.4 CFNetwork/760.2.6 Darwin/15.3.0 (x86_64)"
80.13.10.184 - - [09/Feb/2016:05:31:20 -0800] "GET /apple-touch-icon-precomposed.png HTTP/1.1" 404 4871 "-" "Safari/11601.4.4 CFNetwork/760.2.6 Darwin/15.3.0 (x86_64)"
80.13.10.184 - - [09/Feb/2016:05:31:40 -0800] "GET /apple-touch-icon-precomposed.png HTTP/1.1" 404 4872 "-" "Safari/11601.4.4 CFNetwork/760.2.6 Darwin/15.3.0 (x86_64)"
66.249.64.149 - - [09/Feb/2016:05:35:27 -0800] "GET /robots.txt HTTP/1.1" 200 423 "-" "Mozilla/5.0 (compatible; Googlebot/2.1; +http://www.google.com/bot.html)"
2.1.201.36 - - [09/Feb/2016:05:36:16 -0800] "GET /rss HTTP/1.1" 304 163 "http://techmeup.co/rss" "FreshRSS/1.0.0 (Linux; http://freshrss.org) SimplePie/1.4-dev-FreshRSS"
41.66.28.100 - - [09/Feb/2016:05:42:20 -0800] "GET /wp-content/uploads/2015/06/sylvia.png HTTP/1.1" 200 124528 "http://www.silicon-valley.fr/lentrepreneuriat-aventure-parsemee-echecs/" "Mozilla/5.0 (Linux; U; Android 4.0.4; fr-fr; GT-S7562 Build/IMM76I) AppleWebKit/534.30 (KHTML, like Gecko) Version/4.0 Mobile Safari/534.30"
92.151.95.5 - - [09/Feb/2016:05:53:09 -0800] "GET /wp-content/uploads/2015/06/sylvia.png HTTP/1.1" 200 803660 "http://www.silicon-valley.fr/interview-orny-impenge-silicon-valley/" "Mozilla/5.0 (Windows NT 6.1; WOW64; rv:43.0) Gecko/20100101 Firefox/43.0"
109.15.143.216 - - [09/Feb/2016:06:00:11 -0800] "GET /du-travail-pour-les-epoux-epouses-dimmigres-tech-aux-us/apple-touch-icon.png HTTP/1.1" 404 4872 "-" "Safari/11601.4.4 CFNetwork/760.2.6 Darwin/15.3.0 (x86_64)"
109.15.143.216 - - [09/Feb/2016:06:00:23 -0800] "GET /du-travail-pour-les-epoux-epouses-dimmigres-tech-aux-us/apple-touch-icon.png HTTP/1.1" 404 4872 "-" "Safari/11601.4.4 CFNetwork/760.2.6 Darwin/15.3.0 (x86_64)"
176.128.169.10 - - [09/Feb/2016:06:01:31 -0800] "GET /wp-content/uploads/2015/06/sylvia.png HTTP/1.1" 200 803660 "http://www.silicon-valley.fr/zone-confort-apprentissage/" "Mozilla/5.0 (Macintosh; Intel Mac OS X 10_11_3) AppleWebKit/601.4.4 (KHTML, like Gecko) Version/9.0.3 Safari/601.4.4"
198.58.102.96 - - [09/Feb/2016:06:13:58 -0800] "GET /rss HTTP/1.1" 304 219 "-" "Superfeedr bot/2.0 http://superfeedr.com - Make your feeds realtime: get in touch - feed-id:138292308"
109.15.143.216 - - [09/Feb/2016:06:14:51 -0800] "GET /apple-touch-icon.png HTTP/1.1" 404 4871 "-" "Safari/11601.4.4 CFNetwork/760.2.6 Darwin/15.3.0 (x86_64)"
109.15.143.216 - - [09/Feb/2016:06:15:03 -0800] "GET /apple-touch-icon-precomposed.png HTTP/1.1" 404 4871 "-" "Safari/11601.4.4 CFNetwork/760.2.6 Darwin/15.3.0 (x86_64)"
62.17.146.185 - - [09/Feb/2016:06:20:27 -0800] "GET /wp-content/uploads/2015/03/1-9mRgHn-sBX_FQuA08m4kdA-1024x755.jpeg HTTP/1.1" 200 97501 "http://hnwatcher.com/silicon-valley/" "Mozilla/5.0 (Windows NT 6.1; WOW64) AppleWebKit/537.36 (KHTML, like Gecko) Chrome/48.0.2564.103 Safari/537.36"
62.17.146.185 - - [09/Feb/2016:06:20:27 -0800] "GET /wp-content/uploads/2015/03/4N8A4857-1024x683.jpg HTTP/1.1" 200 115506 "http://hnwatcher.com/silicon-valley/" "Mozilla/5.0 (Windows NT 6.1; WOW64) AppleWebKit/537.36 (KHTML, like Gecko) Chrome/48.0.2564.103 Safari/537.36"
198.58.103.36 - - [09/Feb/2016:06:30:34 -0800] "GET /rss HTTP/1.1" 304 219 "-" "Superfeedr bot/2.0 http://superfeedr.com - Make your feeds realtime: get in touch - feed-id:138292308"
193.251.95.123 - - [09/Feb/2016:06:33:15 -0800] "GET /wp-content/themes/great/js/modernizr.min.js HTTP/1.1" 200 6229 "http://techmeup.co/adrien-duermael-pixowl-et-lindustrie/" "Mozilla/5.0 (Windows NT 6.1; rv:43.0) Gecko/20100101 Firefox/43.0"
193.251.95.123 - - [09/Feb/2016:06:33:15 -0800] "GET /wp-content/plugins/wp-shortcode/css/tipsy.css?ver=4.1.1 HTTP/1.1" 200 868 "http://techmeup.co/adrien-duermael-pixowl-et-lindustrie/" "Mozilla/5.0 (Windows NT 6.1; rv:43.0) Gecko/20100101 Firefox/43.0"
193.251.95.123 - - [09/Feb/2016:06:33:15 -0800] "GET /wp-content/plugins/wp-shortcode/js/wp-shortcode.js?ver=4.1.1 HTTP/1.1" 200 831 "http://techmeup.co/adrien-duermael-pixowl-et-lindustrie/" "Mozilla/5.0 (Windows NT 6.1; rv:43.0) Gecko/20100101 Firefox/43.0"
193.251.95.123 - - [09/Feb/2016:06:33:15 -0800] "GET /wp-includes/js/jquery/jquery.js?ver=1.11.1 HTTP/1.1" 200 33586 "http://techmeup.co/adrien-duermael-pixowl-et-lindustrie/" "Mozilla/5.0 (Windows NT 6.1; rv:43.0) Gecko/20100101 Firefox/43.0"
193.251.95.123 - - [09/Feb/2016:06:33:16 -0800] "GET /wp-content/themes/great/images/facebook.png HTTP/1.1" 200 4285 "http://techmeup.co/wp-content/themes/great/style.css" "Mozilla/5.0 (Windows NT 6.1; rv:43.0) Gecko/20100101 Firefox/43.0"
193.251.95.123 - - [09/Feb/2016:06:33:17 -0800] "GET /wp-content/themes/great/images/arrow.png HTTP/1.1" 200 437 "http://techmeup.co/wp-content/themes/great/style.css" "Mozilla/5.0 (Windows NT 6.1; rv:43.0) Gecko/20100101 Firefox/43.0"
193.251.95.123 - - [09/Feb/2016:06:33:19 -0800] "GET /marie-amelie-frere-la-serial-entrepreneure-a/ HTTP/1.1" 200 9889 "http://techmeup.co/adrien-duermael-pixowl-et-lindustrie/" "Mozilla/5.0 (Windows NT 6.1; rv:43.0) Gecko/20100101 Firefox/43.0"
54.176.128.185 - - [09/Feb/2016:06:40:50 -0800] "GET /rss HTTP/1.1" 304 182 "-" "Digg Feed Fetcher 1.0 (Mozilla/5.0 (Macintosh; Intel Mac OS X 10_7_1) AppleWebKit/534.48.3 (KHTML, like Gecko) Version/5.1 Safari/534.48.3)"
163.5.250.131 - - [09/Feb/2016:06:45:25 -0800] "GET /wp-content/themes/great/style.css HTTP/1.1" 200 7662 "http://techmeup.co/guillaume-charmes-meilleur-developpeur-du-monde/" "Mozilla/5.0 (X11; Linux x86_64; rv:31.0) Gecko/20100101 Firefox/31.0"
163.5.250.131 - - [09/Feb/2016:06:45:25 -0800] "GET /wp-content/themes/great/js/customscript.js HTTP/1.1" 200 3601 "http://techmeup.co/guillaume-charmes-meilleur-developpeur-du-monde/" "Mozilla/5.0 (X11; Linux x86_64; rv:31.0) Gecko/20100101 Firefox/31.0"
163.5.250.131 - - [09/Feb/2016:06:45:25 -0800] "GET /wp-includes/js/jquery/jquery-migrate.min.js?ver=1.2.1 HTTP/1.1" 200 3421 "http://techmeup.co/guillaume-charmes-meilleur-developpeur-du-monde/" "Mozilla/5.0 (X11; Linux x86_64; rv:31.0) Gecko/20100101 Firefox/31.0"
163.5.250.131 - - [09/Feb/2016:06:45:25 -0800] "GET /wordpress/wp-content/uploads/2015/02/logo-text1.png HTTP/1.1" 200 5144 "http://techmeup.co/guillaume-charmes-meilleur-developpeur-du-monde/" "Mozilla/5.0 (X11; Linux x86_64; rv:31.0) Gecko/20100101 Firefox/31.0"
163.5.250.131 - - [09/Feb/2016:06:45:25 -0800] "GET /wp-content/uploads/2014/05/tumblr_inline_n636u5g0bD1sygmpd-50x50.jpg HTTP/1.1" 200 2371 "http://techmeup.co/guillaume-charmes-meilleur-developpeur-du-monde/" "Mozilla/5.0 (X11; Linux x86_64; rv:31.0) Gecko/20100101 Firefox/31.0"
163.5.250.131 - - [09/Feb/2016:06:45:26 -0800] "GET /wp-content/themes/great/images/twitter.png HTTP/1.1" 200 4482 "http://techmeup.co/wp-content/themes/great/style.css" "Mozilla/5.0 (X11; Linux x86_64; rv:31.0) Gecko/20100101 Firefox/31.0"
80.13.10.184 - - [09/Feb/2016:06:45:49 -0800] "GET /trouver-un-job-tech-a-san-francisco-ou-dans-la/ HTTP/1.1" 200 15572 "-" "Mozilla/5.0 (Macintosh; Intel Mac OS X 10_11_3) AppleWebKit/601.4.4 (KHTML, like Gecko)"
80.13.10.184 - - [09/Feb/2016:06:45:51 -0800] "GET /apple-touch-icon-precomposed.png HTTP/1.1" 404 4871 "-" "Safari/11601.4.4 CFNetwork/760.2.6 Darwin/15.3.0 (x86_64)"
80.13.10.184 - - [09/Feb/2016:06:46:02 -0800] "GET /trouver-un-job-tech-a-san-francisco-ou-dans-la/apple-touch-icon.png HTTP/1.1" 404 4872 "-" "Safari/11601.4.4 CFNetwork/760.2.6 Darwin/15.3.0 (x86_64)"
41.225.136.131 - - [09/Feb/2016:06:50:25 -0800] "GET /creer-sa-startup-seul-et-la-revendre-a-un-geant/ HTTP/1.1" 200 10065 "https://www.google.tn/" "Mozilla/5.0 (iPhone; CPU iPhone OS 9_2_1 like Mac OS X) AppleWebKit/601.1.46 (KHTML, like Gecko) Version/9.0 Mobile/13D15 Safari/601.1"
41.225.136.131 - - [09/Feb/2016:06:50:27 -0800] "GET /wp-includes/js/jquery/jquery.js?ver=1.11.1 HTTP/1.1" 200 33586 "http://techmeup.co/creer-sa-startup-seul-et-la-revendre-a-un-geant/" "Mozilla/5.0 (iPhone; CPU iPhone OS 9_2_1 like Mac OS X) AppleWebKit/601.1.46 (KHTML, like Gecko) Version/9.0 Mobile/13D15 Safari/601.1"
41.225.136.131 - - [09/Feb/2016:06:50:27 -0800] "GET /wp-content/plugins/wp-shortcode/js/wp-shortcode.js?ver=4.1.1 HTTP/1.1" 200 831 "http://techmeup.co/creer-sa-startup-seul-et-la-revendre-a-un-geant/" "Mozilla/5.0 (iPhone; CPU iPhone OS 9_2_1 like Mac OS X) AppleWebKit/601.1.46 (KHTML, like Gecko) Version/9.0 Mobile/13D15 Safari/601.1"
41.225.136.131 - - [09/Feb/2016:06:50:27 -0800] "GET /wp-content/plugins/wp-shortcode/css/wp-shortcode.css?ver=4.1.1 HTTP/1.1" 200 2049 "http://techmeup.co/creer-sa-startup-seul-et-la-revendre-a-un-geant/" "Mozilla/5.0 (iPhone; CPU iPhone OS 9_2_1 like Mac OS X) AppleWebKit/601.1.46 (KHTML, like Gecko) Version/9.0 Mobile/13D15 Safari/601.1"
41.225.136.131 - - [09/Feb/2016:06:50:27 -0800] "GET /wp-content/plugins/hupso-share-buttons-for-twitter-facebook-google/style.css?ver=4.1.1 HTTP/1.1" 200 416 "http://techmeup.co/creer-sa-startup-seul-et-la-revendre-a-un-geant/" "Mozilla/5.0 (iPhone; CPU iPhone OS 9_2_1 like Mac OS X) AppleWebKit/601.1.46 (KHTML, like Gecko) Version/9.0 Mobile/13D15 Safari/601.1"
41.225.136.131 - - [09/Feb/2016:06:50:28 -0800] "GET /wp-content/themes/great/images/twitter.png HTTP/1.1" 200 4482 "http://techmeup.co/creer-sa-startup-seul-et-la-revendre-a-un-geant/" "Mozilla/5.0 (iPhone; CPU iPhone OS 9_2_1 like Mac OS X) AppleWebKit/601.1.46 (KHTML, like Gecko) Version/9.0 Mobile/13D15 Safari/601.1"
41.225.136.131 - - [09/Feb/2016:06:50:28 -0800] "POST /wp-admin/admin-ajax.php HTTP/1.1" 200 592 "http://techmeup.co/creer-sa-startup-seul-et-la-revendre-a-un-geant/" "Mozilla/5.0 (iPhone; CPU iPhone OS 9_2_1 like Mac OS X) AppleWebKit/601.1.46 (KHTML, like Gecko) Version/9.0 Mobile/13D15 Safari/601.1"
5.9.85.4 - - [09/Feb/2016:06:55:01 -0800] "GET /marketing-pour-developpeurs-partie-1/ HTTP/1.0" 200 11577 "-" "Mozilla/5.0 (compatible; MJ12bot/v1.4.5; http://www.majestic12.co.uk/bot.php?+)"
198.58.103.115 - - [09/Feb/2016:06:55:18 -0800] "GET /rss HTTP/1.1" 304 219 "-" "Superfeedr bot/2.0 http://superfeedr.com - Make your feeds realtime: get in touch - feed-id:138292308"
80.201.59.78 - - [09/Feb/2016:07:00:26 -0800] "GET /wp-content/themes/great/style.css HTTP/1.1" 200 7663 "http://techmeup.co/adrien-duermael-pixowl-et-lindustrie-particuliere-du" "Mozilla/5.0 (Windows NT 10.0; WOW64) AppleWebKit/537.36 (KHTML, like Gecko) Chrome/48.0.2564.103 Safari/537.36"
80.201.59.78 - - [09/Feb/2016:07:00:26 -0800] "GET /wp-content/plugins/wp-shortcode/css/wp-shortcode.css?ver=4.1.1 HTTP/1.1" 200 2049 "http://techmeup.co/adrien-duermael-pixowl-et-lindustrie-particuliere-du" "Mozilla/5.0 (Windows NT 10.0; WOW64) AppleWebKit/537.36 (KHTML, like Gecko) Chrome/48.0.2564.103 Safari/537.36"
80.201.59.78 - - [09/Feb/2016:07:00:26 -0800] "GET /wp-includes/js/jquery/jquery-migrate.min.js?ver=1.2.1 HTTP/1.1" 200 3421 "http://techmeup.co/adrien-duermael-pixowl-et-lindustrie-particuliere-du" "Mozilla/5.0 (Windows NT 10.0; WOW64) AppleWebKit/537.36 (KHTML, like Gecko) Chrome/48.0.2564.103 Safari/537.36"
80.201.59.78 - - [09/Feb/2016:07:00:26 -0800] "GET /wp-content/plugins/easy-twitter-feed-widget/lib/js/widget-easy-twitter-feed-widget.js?ver=1.0 HTTP/1.1" 200 663 "http://techmeup.co/adrien-duermael-pixowl-et-lindustrie-particuliere-du" "Mozilla/5.0 (Windows NT 10.0; WOW64) AppleWebKit/537.36 (KHTML, like Gecko) Chrome/48.0.2564.103 Safari/537.36"
80.201.59.78 - - [09/Feb/2016:07:00:26 -0800] "GET /wp-content/themes/great/images/facebook.png HTTP/1.1" 200 4285 "http://techmeup.co/wp-content/themes/great/style.css" "Mozilla/5.0 (Windows NT 10.0; WOW64) AppleWebKit/537.36 (KHTML, like Gecko) Chrome/48.0.2564.103 Safari/537.36"
198.58.103.102 - - [09/Feb/2016:07:03:34 -0800] "GET /rss HTTP/1.1" 304 219 "-" "Superfeedr bot/2.0 http://superfeedr.com - Make your feeds realtime: get in touch - feed-id:138292308"
173.234.159.250 - - [09/Feb/2016:07:03:38 -0800] "GET /steve-marx-developer-advocate-dropbox HTTP/1.0" 301 352 "-" "Mozilla/5.0 (compatible; MJ12bot/v1.4.5; http://www.majestic12.co.uk/bot.php?+)"
173.234.159.250 - - [09/Feb/2016:07:03:44 -0800] "GET /office-tour-de-rackspace-san-francisco-avec HTTP/1.0" 301 358 "-" "Mozilla/5.0 (compatible; MJ12bot/v1.4.5; http://www.majestic12.co.uk/bot.php?+)"
91.223.84.10 - - [09/Feb/2016:07:05:33 -0800] "GET /wp-content/themes/great/style.css HTTP/1.1" 200 7662 "http://techmeup.co/adrien-duermael-pixowl-et-lindustrie/" "Mozilla/5.0 (X11; Linux x86_64) AppleWebKit/537.36 (KHTML, like Gecko) Chrome/48.0.2564.103 Safari/537.36"
91.223.84.10 - - [09/Feb/2016:07:05:33 -0800] "GET /wp-content/plugins/wp-shortcode/css/tipsy.css?ver=4.1.1 HTTP/1.1" 200 867 "http://techmeup.co/adrien-duermael-pixowl-et-lindustrie/" "Mozilla/5.0 (X11; Linux x86_64) AppleWebKit/537.36 (KHTML, like Gecko) Chrome/48.0.2564.103 Safari/537.36"
91.223.84.10 - - [09/Feb/2016:07:05:33 -0800] "GET /wp-includes/js/comment-reply.min.js?ver=4.1.1 HTTP/1.1" 200 757 "http://techmeup.co/adrien-duermael-pixowl-et-lindustrie/" "Mozilla/5.0 (X11; Linux x86_64) AppleWebKit/537.36 (KHTML, like Gecko) Chrome/48.0.2564.103 Safari/537.36"
91.223.84.10 - - [09/Feb/2016:07:05:33 -0800] "GET /wp-content/plugins/disqus-comment-system/media/js/count.js?ver=4.1.1 HTTP/1.1" 200 776 "http://techmeup.co/adrien-duermael-pixowl-et-lindustrie/" "Mozilla/5.0 (X11; Linux x86_64) AppleWebKit/537.36 (KHTML, like Gecko) Chrome/48.0.2564.103 Safari/537.36"
91.223.84.10 - - [09/Feb/2016:07:05:33 -0800] "GET /wp-content/themes/great/images/twitter.png HTTP/1.1" 200 4482 "http://techmeup.co/wp-content/themes/great/style.css" "Mozilla/5.0 (X11; Linux x86_64) AppleWebKit/537.36 (KHTML, like Gecko) Chrome/48.0.2564.103 Safari/537.36"
91.223.84.10 - - [09/Feb/2016:07:05:33 -0800] "GET /wp-content/themes/great/images/arrow.png HTTP/1.1" 200 437 "http://techmeup.co/wp-content/themes/great/style.css" "Mozilla/5.0 (X11; Linux x86_64) AppleWebKit/537.36 (KHTML, like Gecko) Chrome/48.0.2564.103 Safari/537.36"
2.1.201.36 - - [09/Feb/2016:07:06:15 -0800] "GET /rss HTTP/1.1" 304 163 "http://techmeup.co/rss" "FreshRSS/1.0.0 (Linux; http://freshrss.org) SimplePie/1.4-dev-FreshRSS"
178.154.189.201 - - [09/Feb/2016:07:11:01 -0800] "GET /category/portraits/ HTTP/1.1" 200 7341 "-" "Mozilla/5.0 (compatible; YandexBot/3.0; +http://yandex.com/bots)"
81.252.96.8 - - [09/Feb/2016:07:14:20 -0800] "GET /wp-content/themes/great/js/customscript.js HTTP/1.1" 304 212 "-" "Mozilla/4.0 (compatible;)"
180.76.15.138 - - [09/Feb/2016:07:19:03 -0800] "GET / HTTP/1.1" 200 33366 "-" "Mozilla/5.0 (compatible; Baiduspider/2.0; +http://www.baidu.com/search/spider.html)"
82.226.78.218 - - [09/Feb/2016:07:20:04 -0800] "GET /wp-content/themes/great/js/modernizr.min.js HTTP/1.1" 200 6229 "http://techmeup.co/guillaume-charmes-meilleur-developpeur-du-monde/" "Mozilla/5.0 (X11; Ubuntu; Linux x86_64; rv:44.0) Gecko/20100101 Firefox/44.0"
82.226.78.218 - - [09/Feb/2016:07:20:04 -0800] "GET /wp-content/plugins/wp-shortcode/css/tipsy.css?ver=4.1.1 HTTP/1.1" 200 868 "http://techmeup.co/guillaume-charmes-meilleur-developpeur-du-monde/" "Mozilla/5.0 (X11; Ubuntu; Linux x86_64; rv:44.0) Gecko/20100101 Firefox/44.0"
82.226.78.218 - - [09/Feb/2016:07:20:04 -0800] "GET /wp-includes/js/comment-reply.min.js?ver=4.1.1 HTTP/1.1" 200 757 "http://techmeup.co/guillaume-charmes-meilleur-developpeur-du-monde/" "Mozilla/5.0 (X11; Ubuntu; Linux x86_64; rv:44.0) Gecko/20100101 Firefox/44.0"
82.226.78.218 - - [09/Feb/2016:07:20:04 -0800] "GET /wp-content/plugins/hupso-share-buttons-for-twitter-facebook-google/style.css?ver=4.1.1 HTTP/1.1" 200 415 "http://techmeup.co/guillaume-charmes-meilleur-developpeur-du-monde/" "Mozilla/5.0 (X11; Ubuntu; Linux x86_64; rv:44.0) Gecko/20100101 Firefox/44.0"
82.226.78.218 - - [09/Feb/2016:07:20:04 -0800] "GET /wp-content/themes/great/images/twitter.png HTTP/1.1" 200 4482 "http://techmeup.co/wp-content/themes/great/style.css" "Mozilla/5.0 (X11; Ubuntu; Linux x86_64; rv:44.0) Gecko/20100101 Firefox/44.0"
82.226.78.218 - - [09/Feb/2016:07:20:05 -0800] "GET /wp-content/themes/great/images/arrow.png HTTP/1.1" 200 437 "http://techmeup.co/wp-content/themes/great/style.css" "Mozilla/5.0 (X11; Ubuntu; Linux x86_64; rv:44.0) Gecko/20100101 Firefox/44.0"
82.226.78.218 - - [09/Feb/2016:07:20:07 -0800] "GET /wp-content/uploads/2015/03/Photo-Bio-2013-50x50.jpg HTTP/1.1" 200 2609 "http://techmeup.co/guillaume-charmes-meilleur-developpeur-du-monde/" "Mozilla/5.0 (X11; Ubuntu; Linux x86_64; rv:44.0) Gecko/20100101 Firefox/44.0"
198.58.103.160 - - [09/Feb/2016:07:20:35 -0800] "GET /rss HTTP/1.1" 304 219 "-" "Superfeedr bot/2.0 http://superfeedr.com - Make your feeds realtime: get in touch - feed-id:138292308"
82.226.78.218 - - [09/Feb/2016:07:21:27 -0800] "GET /wp-content/themes/great/js/modernizr.min.js HTTP/1.1" 200 6229 "http://techmeup.co/guillaume-charmes-meilleur-developpeur-du-monde/" "Mozilla/5.0 (X11; Linux x86_64; rv:44.0) Gecko/20100101 Firefox/44.0"
82.226.78.218 - - [09/Feb/2016:07:21:27 -0800] "GET /wp-content/plugins/wp-shortcode/css/tipsy.css?ver=4.1.1 HTTP/1.1" 200 868 "http://techmeup.co/guillaume-charmes-meilleur-developpeur-du-monde/" "Mozilla/5.0 (X11; Linux x86_64; rv:44.0) Gecko/20100101 Firefox/44.0"
82.226.78.218 - - [09/Feb/2016:07:21:28 -0800] "GET /wp-content/plugins/wp-shortcode/js/jquery.tipsy.js?ver=4.1.1 HTTP/1.1" 200 3065 "http://techmeup.co/guillaume-charmes-meilleur-developpeur-du-monde/" "Mozilla/5.0 (X11; Linux x86_64; rv:44.0) Gecko/20100101 Firefox/44.0"
82.226.78.218 - - [09/Feb/2016:07:21:28 -0800] "GET /wp-content/plugins/disqus-comment-system/media/js/count.js?ver=4.1.1 HTTP/1.1" 200 776 "http://techmeup.co/guillaume-charmes-meilleur-developpeur-du-monde/" "Mozilla/5.0 (X11; Linux x86_64; rv:44.0) Gecko/20100101 Firefox/44.0"
82.226.78.218 - - [09/Feb/2016:07:21:28 -0800] "GET /wordpress/wp-content/uploads/2015/02/favico.png HTTP/1.1" 200 987 "-" "Mozilla/5.0 (X11; Linux x86_64; rv:44.0) Gecko/20100101 Firefox/44.0"
82.226.78.218 - - [09/Feb/2016:07:21:28 -0800] "GET /wp-content/themes/great/images/search.png HTTP/1.1" 200 1683 "http://techmeup.co/wp-content/themes/great/style.css" "Mozilla/5.0 (X11; Linux x86_64; rv:44.0) Gecko/20100101 Firefox/44.0"
82.226.78.218 - - [09/Feb/2016:07:21:30 -0800] "GET /wp-content/themes/great/style.css HTTP/1.1" 200 7662 "http://techmeup.co/guillaume-charmes-meilleur-developpeur-du-monde/" "Mozilla/5.0 (X11; Linux x86_64) AppleWebKit/537.36 (KHTML, like Gecko) Chrome/48.0.2564.103 Safari/537.36"
82.226.78.218 - - [09/Feb/2016:07:21:31 -0800] "GET /wp-content/plugins/wp-shortcode/css/wp-shortcode.css?ver=4.1.1 HTTP/1.1" 200 2050 "http://techmeup.co/guillaume-charmes-meilleur-developpeur-du-monde/" "Mozilla/5.0 (X11; Linux x86_64) AppleWebKit/537.36 (KHTML, like Gecko) Chrome/48.0.2564.103 Safari/537.36"
82.226.78.218 - - [09/Feb/2016:07:21:31 -0800] "GET /wp-includes/js/jquery/jquery-migrate.min.js?ver=1.2.1 HTTP/1.1" 200 3421 "http://techmeup.co/guillaume-charmes-meilleur-developpeur-du-monde/" "Mozilla/5.0 (X11; Linux x86_64) AppleWebKit/537.36 (KHTML, like Gecko) Chrome/48.0.2564.103 Safari/537.36"
82.226.78.218 - - [09/Feb/2016:07:21:31 -0800] "GET /wp-content/plugins/easy-twitter-feed-widget/lib/js/widget-easy-twitter-feed-widget.js?ver=1.0 HTTP/1.1" 200 663 "http://techmeup.co/guillaume-charmes-meilleur-developpeur-du-monde/" "Mozilla/5.0 (X11; Linux x86_64) AppleWebKit/537.36 (KHTML, like Gecko) Chrome/48.0.2564.103 Safari/537.36"
82.226.78.218 - - [09/Feb/2016:07:21:31 -0800] "GET /wp-content/uploads/2014/09/tumblr_inline_nbjvoh6HDc1sa6hof-50x50.jpg HTTP/1.1" 200 2074 "http://techmeup.co/guillaume-charmes-meilleur-developpeur-du-monde/" "Mozilla/5.0 (X11; Linux x86_64) AppleWebKit/537.36 (KHTML, like Gecko) Chrome/48.0.2564.103 Safari/537.36"
82.226.78.218 - - [09/Feb/2016:07:21:32 -0800] "GET /wordpress/wp-content/uploads/2015/02/favico.png HTTP/1.1" 200 986 "http://techmeup.co/guillaume-charmes-meilleur-developpeur-du-monde/" "Mozilla/5.0 (X11; Linux x86_64) AppleWebKit/537.36 (KHTML, like Gecko) Chrome/48.0.2564.103 Safari/537.36"
109.31.68.56 - - [09/Feb/2016:07:21:43 -0800] "GET /wp-content/themes/great/js/customscript.js HTTP/1.1" 200 3601 "http://techmeup.co/guillaume-charmes-meilleur-developpeur-du-monde/" "Mozilla/5.0 (X11; Linux x86_64) AppleWebKit/537.36 (KHTML, like Gecko) Ubuntu Chromium/47.0.2526.73 Chrome/47.0.2526.73 Safari/537.36"
109.31.68.56 - - [09/Feb/2016:07:21:43 -0800] "GET /wp-content/plugins/wp-shortcode/css/wp-shortcode.css?ver=4.1.1 HTTP/1.1" 200 2050 "http://techmeup.co/guillaume-charmes-meilleur-developpeur-du-monde/" "Mozilla/5.0 (X11; Linux x86_64) AppleWebKit/537.36 (KHTML, like Gecko) Ubuntu Chromium/47.0.2526.73 Chrome/47.0.2526.73 Safari/537.36"
109.31.68.56 - - [09/Feb/2016:07:21:43 -0800] "GET /wp-content/plugins/wp-shortcode/js/wp-shortcode.js?ver=4.1.1 HTTP/1.1" 200 831 "http://techmeup.co/guillaume-charmes-meilleur-developpeur-du-monde/" "Mozilla/5.0 (X11; Linux x86_64) AppleWebKit/537.36 (KHTML, like Gecko) Ubuntu Chromium/47.0.2526.73 Chrome/47.0.2526.73 Safari/537.36"
109.31.68.56 - - [09/Feb/2016:07:21:43 -0800] "GET /wp-content/plugins/disqus-comment-system/media/js/count.js?ver=4.1.1 HTTP/1.1" 200 776 "http://techmeup.co/guillaume-charmes-meilleur-developpeur-du-monde/" "Mozilla/5.0 (X11; Linux x86_64) AppleWebKit/537.36 (KHTML, like Gecko) Ubuntu Chromium/47.0.2526.73 Chrome/47.0.2526.73 Safari/537.36"
109.31.68.56 - - [09/Feb/2016:07:21:43 -0800] "GET /wp-content/themes/great/images/twitter.png HTTP/1.1" 200 4482 "http://techmeup.co/wp-content/themes/great/style.css" "Mozilla/5.0 (X11; Linux x86_64) AppleWebKit/537.36 (KHTML, like Gecko) Ubuntu Chromium/47.0.2526.73 Chrome/47.0.2526.73 Safari/537.36"
109.31.68.56 - - [09/Feb/2016:07:21:43 -0800] "POST /wp-admin/admin-ajax.php HTTP/1.1" 200 592 "http://techmeup.co/guillaume-charmes-meilleur-developpeur-du-monde/" "Mozilla/5.0 (X11; Linux x86_64) AppleWebKit/537.36 (KHTML, like Gecko) Ubuntu Chromium/47.0.2526.73 Chrome/47.0.2526.73 Safari/537.36"
82.226.78.218 - - [09/Feb/2016:07:22:30 -0800] "GET /wp-content/themes/great/style.css HTTP/1.1" 200 7662 "http://techmeup.co/guillaume-charmes-meilleur-developpeur-du-monde/" "Mozilla/5.0 (X11; Linux x86_64) AppleWebKit/537.36 (KHTML, like Gecko) Ubuntu Chromium/45.0.2454.101 Chrome/45.0.2454.101 Safari/537.36"
82.226.78.218 - - [09/Feb/2016:07:22:31 -0800] "GET /wp-content/plugins/easy-twitter-feed-widget/easy-twitter-feed-widget.css?ver=4.1.1 HTTP/1.1" 200 504 "http://techmeup.co/guillaume-charmes-meilleur-developpeur-du-monde/" "Mozilla/5.0 (X11; Linux x86_64) AppleWebKit/537.36 (KHTML, like Gecko) Ubuntu Chromium/45.0.2454.101 Chrome/45.0.2454.101 Safari/537.36"
82.226.78.218 - - [09/Feb/2016:07:22:31 -0800] "GET /wp-includes/js/jquery/jquery-migrate.min.js?ver=1.2.1 HTTP/1.1" 200 3421 "http://techmeup.co/guillaume-charmes-meilleur-developpeur-du-monde/" "Mozilla/5.0 (X11; Linux x86_64) AppleWebKit/537.36 (KHTML, like Gecko) Ubuntu Chromium/45.0.2454.101 Chrome/45.0.2454.101 Safari/537.36"
82.226.78.218 - - [09/Feb/2016:07:22:31 -0800] "GET /wp-includes/js/comment-reply.min.js?ver=4.1.1 HTTP/1.1" 200 757 "http://techmeup.co/guillaume-charmes-meilleur-developpeur-du-monde/" "Mozilla/5.0 (X11; Linux x86_64) AppleWebKit/537.36 (KHTML, like Gecko) Ubuntu Chromium/45.0.2454.101 Chrome/45.0.2454.101 Safari/537.36"
82.226.78.218 - - [09/Feb/2016:07:22:31 -0800] "GET /wp-content/uploads/2014/05/Screen-Shot-2015-02-22-at-12.33.02-AM-50x50.png HTTP/1.1" 200 4803 "http://techmeup.co/guillaume-charmes-meilleur-developpeur-du-monde/" "Mozilla/5.0 (X11; Linux x86_64) AppleWebKit/537.36 (KHTML, like Gecko) Ubuntu Chromium/45.0.2454.101 Chrome/45.0.2454.101 Safari/537.36"
82.226.78.218 - - [09/Feb/2016:07:22:32 -0800] "GET /wp-content/themes/great/images/search.png HTTP/1.1" 200 1683 "http://techmeup.co/wp-content/themes/great/style.css" "Mozilla/5.0 (X11; Linux x86_64) AppleWebKit/537.36 (KHTML, like Gecko) Ubuntu Chromium/45.0.2454.101 Chrome/45.0.2454.101 Safari/537.36"
82.226.78.218 - - [09/Feb/2016:07:22:48 -0800] "GET /guillaume-charmes-meilleur-developpeur-du-monde/ HTTP/1.1" 200 8246 "-" "Mozilla/5.0 (X11; Ubuntu; Linux x86_64; rv:44.0) Gecko/20100101 Firefox/44.0"
82.226.78.218 - - [09/Feb/2016:07:22:49 -0800] "GET /wp-content/plugins/hupso-share-buttons-for-twitter-facebook-google/style.css?ver=4.1.1 HTTP/1.1" 200 416 "http://techmeup.co/guillaume-charmes-meilleur-developpeur-du-monde/" "Mozilla/5.0 (X11; Ubuntu; Linux x86_64; rv:44.0) Gecko/20100101 Firefox/44.0"
82.226.78.218 - - [09/Feb/2016:07:22:49 -0800] "GET /wp-includes/js/jquery/jquery-migrate.min.js?ver=1.2.1 HTTP/1.1" 200 3421 "http://techmeup.co/guillaume-charmes-meilleur-developpeur-du-monde/" "Mozilla/5.0 (X11; Ubuntu; Linux x86_64; rv:44.0) Gecko/20100101 Firefox/44.0"
82.226.78.218 - - [09/Feb/2016:07:22:49 -0800] "GET /wp-content/plugins/easy-twitter-feed-widget/lib/js/widget-easy-twitter-feed-widget.js?ver=1.0 HTTP/1.1" 200 663 "http://techmeup.co/guillaume-charmes-meilleur-developpeur-du-monde/" "Mozilla/5.0 (X11; Ubuntu; Linux x86_64; rv:44.0) Gecko/20100101 Firefox/44.0"
82.226.78.218 - - [09/Feb/2016:07:22:49 -0800] "GET /wordpress/wp-content/uploads/2015/02/logo-text1.png HTTP/1.1" 200 5144 "http://techmeup.co/guillaume-charmes-meilleur-developpeur-du-monde/" "Mozilla/5.0 (X11; Ubuntu; Linux x86_64; rv:44.0) Gecko/20100101 Firefox/44.0"
82.226.78.218 - - [09/Feb/2016:07:22:49 -0800] "GET /wp-content/themes/great/images/twitter.png HTTP/1.1" 200 4482 "http://techmeup.co/wp-content/themes/great/style.css" "Mozilla/5.0 (X11; Ubuntu; Linux x86_64; rv:44.0) Gecko/20100101 Firefox/44.0"
82.226.78.218 - - [09/Feb/2016:07:22:52 -0800] "POST /wp-admin/admin-ajax.php HTTP/1.1" 200 503 "http://techmeup.co/guillaume-charmes-meilleur-developpeur-du-monde/" "Mozilla/5.0 (X11; Ubuntu; Linux x86_64; rv:44.0) Gecko/20100101 Firefox/44.0"
157.55.39.161 - - [09/Feb/2016:07:26:32 -0800] "GET /tagged/rockstar HTTP/1.1" 301 522 "-" "Mozilla/5.0 (compatible; bingbot/2.0; +http://www.bing.com/bingbot.htm)"
54.193.210.75 - - [09/Feb/2016:07:29:21 -0800] "GET /feed/ HTTP/1.1" 304 182 "-" "Digg Feed Fetcher 1.0 (Mozilla/5.0 (Macintosh; Intel Mac OS X 10_7_1) AppleWebKit/534.48.3 (KHTML, like Gecko) Version/5.1 Safari/534.48.3)"
130.0.236.153 - - [09/Feb/2016:07:31:52 -0800] "POST /xmlrpc.php HTTP/1.1" 200 456 "-" "Opera/9.80 (Windows NT 6.0) Presto/2.12.388 Version/12.14"
199.16.156.125 - - [09/Feb/2016:07:35:22 -0800] "GET /robots.txt HTTP/1.1" 200 367 "-" "Twitterbot/1.0"
199.16.156.125 - - [09/Feb/2016:07:35:22 -0800] "GET /post/103488947853/textme-cest-de-la-bombe HTTP/1.1" 301 287 "-" "Twitterbot/1.0"
199.16.156.125 - - [09/Feb/2016:07:35:23 -0800] "GET /post/99978147058/du-side-project-a-google-le-fabuleux-parcours-dhoa-v HTTP/1.1" 301 316 "-" "Twitterbot/1.0"
199.16.156.124 - - [09/Feb/2016:07:35:23 -0800] "GET /post/96006277128/xavier-mouton-dubosc-le-developpeur-aux-mille-vies HTTP/1.1" 301 314 "-" "Twitterbot/1.0"
199.16.156.125 - - [09/Feb/2016:07:35:25 -0800] "GET /post/98806539878/le-jour-ou-les-startups-tech-nauront-plus-de-sens HTTP/1.1" 301 313 "-" "Twitterbot/1.0"
199.16.156.125 - - [09/Feb/2016:07:35:26 -0800] "GET /alexei-chemenda-toujours-etudiant-et-deja-entrepreneur HTTP/1.1" 404 4816 "-" "Twitterbot/1.0"
199.16.156.126 - - [09/Feb/2016:07:35:26 -0800] "GET /post/88351742277/michael-ferranti-responsable-marketing-a-mailgun-nous HTTP/1.1" 301 317 "-" "Twitterbot/1.0"
199.16.156.126 - - [09/Feb/2016:07:35:26 -0800] "GET /paul-duan-le-super-heros-de-la-data-science-pour HTTP/1.1" 301 389 "-" "Twitterbot/1.0"
199.16.156.124 - - [09/Feb/2016:07:35:27 -0800] "GET /a-quoi-ca-sert-un-co-fondateur-non-technique HTTP/1.1" 301 385 "-" "Twitterbot/1.0"
199.16.156.124 - - [09/Feb/2016:07:35:27 -0800] "GET /xavier-mouton-dubosc-le-developpeur-aux-mille-vies HTTP/1.1" 404 4816 "-" "Twitterbot/1.0"
199.16.156.124 - - [09/Feb/2016:07:35:29 -0800] "GET /mathieu-ghaleb-la-superstar-de-lombre HTTP/1.1" 301 378 "-" "Twitterbot/1.0"
199.16.156.124 - - [09/Feb/2016:07:35:29 -0800] "GET /les-demi-verites-de-monsieur-xavier-niel/?utm_term=0_f60dad0472-746ae4d6a9-66832769&utm_content=bufferf9d3f&utm_medium=social&utm_source=twitter.com&utm_campaign=buffer HTTP/1.1" 200 12943 "-" "Twitterbot/1.0"
199.16.156.125 - - [09/Feb/2016:07:35:32 -0800] "GET /mathieu-ghaleb-la-superstar-de-lombre/ HTTP/1.1" 200 12227 "-" "Twitterbot/1.0"
178.137.17.196 - - [09/Feb/2016:07:36:43 -0800] "GET /steeve-morin-de-google-a-lentreprenariat/ HTTP/1.1" 200 29488 "http://xn-----6kcaacnblni5c5bicdpcmficy.xn--p1ai/" "Mozilla/4.0 (compatible; MSIE 6.0; Windows NT 5.2; Win64; AMD64)"
93.174.93.241 - - [09/Feb/2016:07:36:53 -0800] "GET //phpmyadmin/scripts/setup.php HTTP/1.1" 403 478 "-" "-"
130.0.236.153 - - [09/Feb/2016:07:37:43 -0800] "POST /xmlrpc.php HTTP/1.1" 200 456 "-" "Opera/9.80 (Windows NT 6.0) Presto/2.12.388 Version/12.14"
46.118.116.135 - - [09/Feb/2016:07:38:43 -0800] "GET /steeve-morin-de-google-a-lentreprenariat/ HTTP/1.1" 200 29392 "http://ufa.xrus.org/" "Mozilla/4.0 (compatible; MSIE 6.0; Windows NT 5.1; FREE; .NET CLR 1.1.4322)"
130.0.236.153 - - [09/Feb/2016:07:43:25 -0800] "POST /xmlrpc.php HTTP/1.1" 200 456 "-" "Opera/9.80 (Windows NT 6.0) Presto/2.12.388 Version/12.14"
130.0.236.153 - - [09/Feb/2016:07:46:31 -0800] "POST /xmlrpc.php HTTP/1.1" 200 456 "-" "Opera/9.80 (Windows NT 6.0) Presto/2.12.388 Version/12.14"
80.13.10.184 - - [09/Feb/2016:07:48:55 -0800] "GET /apple-touch-icon-precomposed.png HTTP/1.1" 404 4872 "-" "Safari/11601.4.4 CFNetwork/760.2.6 Darwin/15.3.0 (x86_64)"
80.13.10.184 - - [09/Feb/2016:07:49:06 -0800] "GET /apple-touch-icon-precomposed.png HTTP/1.1" 404 4872 "-" "Safari/11601.4.4 CFNetwork/760.2.6 Darwin/15.3.0 (x86_64)"
130.0.236.153 - - [09/Feb/2016:07:49:42 -0800] "POST /xmlrpc.php HTTP/1.1" 200 456 "-" "Opera/9.80 (Windows NT 6.0) Presto/2.12.388 Version/12.14"
198.58.102.117 - - [09/Feb/2016:07:53:21 -0800] "GET /rss HTTP/1.1" 304 219 "-" "Superfeedr bot/2.0 http://superfeedr.com - Make your feeds realtime: get in touch - feed-id:138292308"
199.16.156.126 - - [09/Feb/2016:07:57:14 -0800] "GET /post/104056058258/les-geeks-les-vengeurs-masques-du-21eme-siecle HTTP/1.1" 301 310 "-" "Twitterbot/1.0"
207.241.229.198 - - [09/Feb/2016:08:01:27 -0800] "GET /wp-content/themes/great/js/customscript.js HTTP/1.0" 200 8997 "http://marryme-bridal.ru/" "Mozilla/5.0 (compatible; archive.org_bot +http://www.archive.org/details/archive.org_bot)"
2.1.201.36 - - [09/Feb/2016:08:06:21 -0800] "GET /rss HTTP/1.1" 304 163 "http://techmeup.co/rss" "FreshRSS/1.0.0 (Linux; http://freshrss.org) SimplePie/1.4-dev-FreshRSS"
180.76.15.149 - - [09/Feb/2016:08:08:12 -0800] "GET /category/europe/ HTTP/1.1" 200 7332 "-" "Mozilla/5.0 (compatible; Baiduspider/2.0; +http://www.baidu.com/search/spider.html)"
207.241.229.215 - - [09/Feb/2016:08:11:42 -0800] "GET /wp-content/uploads/2015/03/Mathilde-le-Rouzic-Quaelead-300x225.jpg HTTP/1.0" 200 16220 "http://marryme-bridal.ru/" "Mozilla/5.0 (compatible; archive.org_bot +http://www.archive.org/details/archive.org_bot)"
198.58.103.160 - - [09/Feb/2016:08:18:16 -0800] "GET /rss HTTP/1.1" 304 219 "-" "Superfeedr bot/2.0 http://superfeedr.com - Make your feeds realtime: get in touch - feed-id:138292308"
130.0.236.153 - - [09/Feb/2016:08:25:09 -0800] "POST /xmlrpc.php HTTP/1.1" 200 456 "-" "Opera/9.80 (Windows NT 6.0) Presto/2.12.388 Version/12.14"
86.246.217.7 - - [09/Feb/2016:08:32:16 -0800] "GET /feed/ HTTP/1.1" 304 219 "-" "Mozilla/5.0 Vienna/3.0.9"
68.180.228.42 - - [09/Feb/2016:08:35:44 -0800] "GET /le-talent-cache-de-ludovic-copere-electron-libre-de-linnovation-a-sony-du-japon-au-tango/ HTTP/1.1" 200 9636 "-" "Mozilla/5.0 (compatible; Yahoo! Slurp; http://help.yahoo.com/help/us/ysearch/slurp)"
81.242.141.238 - - [09/Feb/2016:08:37:33 -0800] "GET /wp-content/themes/great/style.css HTTP/1.1" 200 7662 "http://techmeup.co/trouver-un-job-tech-a-san-francisco-ou-dans-la/" "Mozilla/5.0 (Windows NT 6.1; WOW64) AppleWebKit/537.36 (KHTML, like Gecko) Chrome/48.0.2564.103 Safari/537.36"
81.242.141.238 - - [09/Feb/2016:08:37:34 -0800] "GET /wordpress/wp-content/uploads/2015/02/logo-text1.png HTTP/1.1" 200 5144 "http://techmeup.co/trouver-un-job-tech-a-san-francisco-ou-dans-la/" "Mozilla/5.0 (Windows NT 6.1; WOW64) AppleWebKit/537.36 (KHTML, like Gecko) Chrome/48.0.2564.103 Safari/537.36"
81.242.141.238 - - [09/Feb/2016:08:37:34 -0800] "GET /wp-includes/js/jquery/jquery.js?ver=1.11.1 HTTP/1.1" 200 33586 "http://techmeup.co/trouver-un-job-tech-a-san-francisco-ou-dans-la/" "Mozilla/5.0 (Windows NT 6.1; WOW64) AppleWebKit/537.36 (KHTML, like Gecko) Chrome/48.0.2564.103 Safari/537.36"
81.242.141.238 - - [09/Feb/2016:08:37:34 -0800] "GET /wp-includes/js/comment-reply.min.js?ver=4.1.1 HTTP/1.1" 200 757 "http://techmeup.co/trouver-un-job-tech-a-san-francisco-ou-dans-la/" "Mozilla/5.0 (Windows NT 6.1; WOW64) AppleWebKit/537.36 (KHTML, like Gecko) Chrome/48.0.2564.103 Safari/537.36"
81.242.141.238 - - [09/Feb/2016:08:37:35 -0800] "GET /wp-content/uploads/2014/09/logo-transparent-horizontal-1024x482.png HTTP/1.1" 200 334990 "http://techmeup.co/trouver-un-job-tech-a-san-francisco-ou-dans-la/" "Mozilla/5.0 (Windows NT 6.1; WOW64) AppleWebKit/537.36 (KHTML, like Gecko) Chrome/48.0.2564.103 Safari/537.36"
81.242.141.238 - - [09/Feb/2016:08:37:38 -0800] "GET /wp-content/themes/great/images/linkedin.png HTTP/1.1" 200 4390 "http://techmeup.co/wp-content/themes/great/style.css" "Mozilla/5.0 (Windows NT 6.1; WOW64) AppleWebKit/537.36 (KHTML, like Gecko) Chrome/48.0.2564.103 Safari/537.36"
81.242.141.238 - - [09/Feb/2016:08:37:40 -0800] "GET /wp-content/themes/great/images/arrow.png HTTP/1.1" 200 437 "http://techmeup.co/wp-content/themes/great/style.css" "Mozilla/5.0 (Windows NT 6.1; WOW64) AppleWebKit/537.36 (KHTML, like Gecko) Chrome/48.0.2564.103 Safari/537.36"
199.16.156.126 - - [09/Feb/2016:08:37:45 -0800] "GET /wp-content/uploads/2014/09/tumblr_inline_ncaeibjep11spe2e1-300x225.jpg HTTP/1.1" 200 21425 "-" "Twitterbot/1.0"
199.16.156.124 - - [09/Feb/2016:08:40:09 -0800] "GET /les-geeks-les-vengeurs-masques-du-21eme-siecle HTTP/1.1" 404 4816 "-" "Twitterbot/1.0"
81.252.96.8 - - [09/Feb/2016:08:44:53 -0800] "GET /wp-content/themes/great/style.css HTTP/1.1" 200 36583 "-" "Mozilla/4.0 (compatible;)"
51.254.131.246 - - [09/Feb/2016:08:48:52 -0800] "GET /robots.txt HTTP/1.0" 200 346 "-" "Mozilla/5.0 (compatible; MJ12bot/v1.4.5; http://www.majestic12.co.uk/bot.php?+)"
130.0.236.153 - - [09/Feb/2016:08:51:45 -0800] "POST /xmlrpc.php HTTP/1.1" 200 456 "-" "Opera/9.80 (Windows NT 6.0) Presto/2.12.388 Version/12.14"
130.0.236.153 - - [09/Feb/2016:08:57:29 -0800] "POST /xmlrpc.php HTTP/1.1" 200 456 "-" "Opera/9.80 (Windows NT 6.0) Presto/2.12.388 Version/12.14"
109.15.143.216 - - [09/Feb/2016:09:00:44 -0800] "GET /du-travail-pour-les-epoux-epouses-dimmigres-tech-aux-us/apple-touch-icon.png HTTP/1.1" 404 4872 "-" "Safari/11601.4.4 CFNetwork/760.2.6 Darwin/15.3.0 (x86_64)"
109.15.143.216 - - [09/Feb/2016:09:00:56 -0800] "GET /du-travail-pour-les-epoux-epouses-dimmigres-tech-aux-us/apple-touch-icon.png HTTP/1.1" 404 4872 "-" "Safari/11601.4.4 CFNetwork/760.2.6 Darwin/15.3.0 (x86_64)"
81.252.96.8 - - [09/Feb/2016:09:02:13 -0800] "GET /wordpress/wp-content/uploads/2015/02/logo-text1.png HTTP/1.1" 304 188 "-" "Mozilla/4.0 (compatible;)"
217.195.28.157 - - [09/Feb/2016:09:04:34 -0800] "GET /wp-content/uploads/2015/02/10527525_10153205547817652_3810498128776234928_n-300x300.jpg HTTP/1.1" 200 34314 "http://hnwatcher.com/silicon-valley/author/silicon-valley/" "Mozilla/5.0 (Windows NT 6.1; WOW64; Trident/7.0; rv:11.0) like Gecko"
217.195.28.157 - - [09/Feb/2016:09:04:34 -0800] "GET /wp-content/uploads/2015/03/1-4hdrSSvSgHd6oa4AL5KK3Q.jpeg HTTP/1.1" 200 174731 "http://hnwatcher.com/silicon-valley/author/silicon-valley/" "Mozilla/5.0 (Windows NT 6.1; WOW64; Trident/7.0; rv:11.0) like Gecko"
2.1.201.36 - - [09/Feb/2016:09:06:21 -0800] "GET /rss HTTP/1.1" 304 163 "http://techmeup.co/rss" "FreshRSS/1.0.0 (Linux; http://freshrss.org) SimplePie/1.4-dev-FreshRSS"
199.119.124.43 - - [09/Feb/2016:09:07:35 -0800] "GET /rss HTTP/1.1" 301 418 "-" "Mozilla/5.0 (compatible; theoldreader.com; 1 subscribers; feed-id=e020a4234ced4329fa4063c1)"
130.0.236.153 - - [09/Feb/2016:09:09:42 -0800] "POST /xmlrpc.php HTTP/1.1" 200 456 "-" "Opera/9.80 (Windows NT 6.0) Presto/2.12.388 Version/12.14"
92.222.20.166 - - [09/Feb/2016:09:12:46 -0800] "GET /rss HTTP/1.1" 304 163 "-" "Tiny Tiny RSS/16.1 (c352248) (http://tt-rss.org/)"
130.0.236.153 - - [09/Feb/2016:09:15:42 -0800] "POST /xmlrpc.php HTTP/1.1" 200 456 "-" "Opera/9.80 (Windows NT 6.0) Presto/2.12.388 Version/12.14"
176.147.244.57 - - [09/Feb/2016:09:17:05 -0800] "GET /trouver-un-job-tech-a-san-francisco-ou-dans-la/apple-touch-icon.png HTTP/1.1" 404 4872 "-" "Safari/11601.4.4 CFNetwork/760.2.6 Darwin/15.3.0 (x86_64)"
176.147.244.57 - - [09/Feb/2016:09:17:17 -0800] "GET /trouver-un-job-tech-a-san-francisco-ou-dans-la/apple-touch-icon.png HTTP/1.1" 404 4872 "-" "Safari/11601.4.4 CFNetwork/760.2.6 Darwin/15.3.0 (x86_64)"
111.248.98.33 - - [09/Feb/2016:09:19:04 -0800] "CONNECT vip163mx00.mxmail.netease.com:25 HTTP/1.0" 404 15416 "-" "-"
89.121.185.36 - - [09/Feb/2016:09:20:36 -0800] "GET /wp-content/plugins/hupso-share-buttons-for-twitter-facebook-google/style.css?ver=4.1.1 HTTP/1.1" 200 416 "http://techmeup.co/" "Mozilla/5.0 (Windows NT 10.0; WOW64) AppleWebKit/537.36 (KHTML, like Gecko) Chrome/48.0.2564.103 Safari/537.36"
89.121.185.36 - - [09/Feb/2016:09:20:36 -0800] "GET /wordpress/wp-content/uploads/2015/02/logo-text1.png HTTP/1.1" 200 5144 "http://techmeup.co/" "Mozilla/5.0 (Windows NT 10.0; WOW64) AppleWebKit/537.36 (KHTML, like Gecko) Chrome/48.0.2564.103 Safari/537.36"
89.121.185.36 - - [09/Feb/2016:09:20:36 -0800] "GET /wp-content/uploads/2015/03/Mathilde-le-Rouzic-Quaelead-300x225.jpg HTTP/1.1" 200 16230 "http://techmeup.co/" "Mozilla/5.0 (Windows NT 10.0; WOW64) AppleWebKit/537.36 (KHTML, like Gecko) Chrome/48.0.2564.103 Safari/537.36"
89.121.185.36 - - [09/Feb/2016:09:20:37 -0800] "GET /wp-content/uploads/2015/02/1620528_10152406520622652_278602715_n-300x225.jpg HTTP/1.1" 200 32895 "http://techmeup.co/" "Mozilla/5.0 (Windows NT 10.0; WOW64) AppleWebKit/537.36 (KHTML, like Gecko) Chrome/48.0.2564.103 Safari/537.36"
89.121.185.36 - - [09/Feb/2016:09:20:37 -0800] "GET /wp-content/plugins/disqus-comment-system/media/js/count.js?ver=4.1.1 HTTP/1.1" 200 776 "http://techmeup.co/" "Mozilla/5.0 (Windows NT 10.0; WOW64) AppleWebKit/537.36 (KHTML, like Gecko) Chrome/48.0.2564.103 Safari/537.36"
89.121.185.36 - - [09/Feb/2016:09:20:37 -0800] "GET /wp-content/themes/great/images/search.png HTTP/1.1" 200 1683 "http://techmeup.co/wp-content/themes/great/style.css" "Mozilla/5.0 (Windows NT 10.0; WOW64) AppleWebKit/537.36 (KHTML, like Gecko) Chrome/48.0.2564.103 Safari/537.36"
198.58.102.155 - - [09/Feb/2016:09:23:22 -0800] "GET /rss HTTP/1.1" 304 219 "-" "Superfeedr bot/2.0 http://superfeedr.com - Make your feeds realtime: get in touch - feed-id:138292308"
157.55.39.231 - - [09/Feb/2016:09:28:39 -0800] "GET / HTTP/1.1" 200 7274 "-" "Mozilla/5.0 (compatible; bingbot/2.0; +http://www.bing.com/bingbot.htm)"
50.62.176.163 - - [09/Feb/2016:09:31:57 -0800] "POST /xmlrpc.php HTTP/1.1" 200 793 "-" "Mozilla/5.0 (X11; Ubuntu; Linux x86_64; rv:23.0) Gecko/20100101 Firefox/23.0"
130.0.236.153 - - [09/Feb/2016:09:36:22 -0800] "POST /xmlrpc.php HTTP/1.1" 200 456 "-" "Opera/9.80 (Windows NT 6.0) Presto/2.12.388 Version/12.14"
185.82.148.10 - - [09/Feb/2016:09:40:39 -0800] "GET /feed/ HTTP/1.1" 200 63896 "-" "Scoop"
195.154.209.237 - - [09/Feb/2016:09:40:40 -0800] "GET /wp-content/plugins/wp-shortcode/css/tipsy.css?ver=4.1.1 HTTP/1.1" 200 868 "http://techmeup.co/sylvia-gallusser-expatriee-aux-us-jaime-mon-pays-la-france-reviensleon/" "Mozilla/5.0 (X11; Linux x86_64) AppleWebKit/537.21 (KHTML, like Gecko) wpif Safari/537.21"
195.154.209.237 - - [09/Feb/2016:09:40:40 -0800] "GET /wp-content/uploads/2014/11/tumblr_inline_negm7m1xwx1sygmpd-50x50.jpg HTTP/1.1" 200 1740 "http://techmeup.co/sylvia-gallusser-expatriee-aux-us-jaime-mon-pays-la-france-reviensleon/" "Mozilla/5.0 (X11; Linux x86_64) AppleWebKit/537.21 (KHTML, like Gecko) wpif Safari/537.21"
195.154.209.237 - - [09/Feb/2016:09:40:40 -0800] "GET /wp-content/themes/great/images/linkedin.png HTTP/1.1" 200 4391 "http://techmeup.co/sylvia-gallusser-expatriee-aux-us-jaime-mon-pays-la-france-reviensleon/" "Mozilla/5.0 (X11; Linux x86_64) AppleWebKit/537.21 (KHTML, like Gecko) wpif Safari/537.21"
195.154.209.237 - - [09/Feb/2016:09:40:40 -0800] "GET /wp-content/uploads/2015/06/sylvia.png HTTP/1.1" 200 803659 "http://techmeup.co/sylvia-gallusser-expatriee-aux-us-jaime-mon-pays-la-france-reviensleon/" "Mozilla/5.0 (X11; Linux x86_64) AppleWebKit/537.21 (KHTML, like Gecko) wpif Safari/537.21"
195.154.172.59 - - [09/Feb/2016:09:40:43 -0800] "GET /wordpress/wp-content/uploads/2015/02/logo-text1.png HTTP/1.1" 200 5144 "http://techmeup.co/ce-que-je-referais-autrement-invite-cedric-giorgi/" "Mozilla/5.0 (X11; Linux x86_64) AppleWebKit/537.21 (KHTML, like Gecko) wpif Safari/537.21"
195.154.172.59 - - [09/Feb/2016:09:40:43 -0800] "GET /wp-content/uploads/2014/11/tumblr_inline_negm7m1xwx1sygmpd-50x50.jpg HTTP/1.1" 200 1740 "http://techmeup.co/ce-que-je-referais-autrement-invite-cedric-giorgi/" "Mozilla/5.0 (X11; Linux x86_64) AppleWebKit/537.21 (KHTML, like Gecko) wpif Safari/537.21"
195.154.172.59 - - [09/Feb/2016:09:40:43 -0800] "GET /wp-content/themes/great/images/linkedin.png HTTP/1.1" 200 4390 "http://techmeup.co/ce-que-je-referais-autrement-invite-cedric-giorgi/" "Mozilla/5.0 (X11; Linux x86_64) AppleWebKit/537.21 (KHTML, like Gecko) wpif Safari/537.21"
195.154.172.53 - - [09/Feb/2016:09:40:44 -0800] "GET /le-talent-cache-de-ludovic-copere-electron-libre-de-linnovation-a-sony-du-japon-au-tango/ HTTP/1.1" 200 9679 "-" "Mozilla/5.0 (X11; Linux x86_64) AppleWebKit/537.21 (KHTML, like Gecko) wpif Safari/537.21"
195.154.172.53 - - [09/Feb/2016:09:40:44 -0800] "GET /wordpress/wp-content/uploads/2015/02/logo-text1.png HTTP/1.1" 200 5144 "http://techmeup.co/le-talent-cache-de-ludovic-copere-electron-libre-de-linnovation-a-sony-du-japon-au-tango/" "Mozilla/5.0 (X11; Linux x86_64) AppleWebKit/537.21 (KHTML, like Gecko) wpif Safari/537.21"
195.154.172.53 - - [09/Feb/2016:09:40:44 -0800] "GET /wp-content/uploads/2014/05/tumblr_inline_n5cg5zlThJ1sa6hof-50x50.jpg HTTP/1.1" 200 2073 "http://techmeup.co/le-talent-cache-de-ludovic-copere-electron-libre-de-linnovation-a-sony-du-japon-au-tango/" "Mozilla/5.0 (X11; Linux x86_64) AppleWebKit/537.21 (KHTML, like Gecko) wpif Safari/537.21"
195.154.172.53 - - [09/Feb/2016:09:40:44 -0800] "GET /wp-content/themes/great/images/linkedin.png HTTP/1.1" 200 4390 "http://techmeup.co/le-talent-cache-de-ludovic-copere-electron-libre-de-linnovation-a-sony-du-japon-au-tango/" "Mozilla/5.0 (X11; Linux x86_64) AppleWebKit/537.21 (KHTML, like Gecko) wpif Safari/537.21"
195.154.172.53 - - [09/Feb/2016:09:40:45 -0800] "GET /ce-que-je-referais-autrement-invitee-mathilde-le-rouzic/ HTTP/1.1" 200 9085 "-" "Mozilla/5.0 (X11; Linux x86_64) AppleWebKit/537.21 (KHTML, like Gecko) wpif Safari/537.21"
